<html>
<body>
<pre>
<h1>µVision Build Log</h1>
<h2>Project:</h2>
E:\mse450_project\Project.uvproj
Project File Date:  03/20/2015

<h2>Output:</h2>
Build target 'Target 1'
compiling stm32f4xx_it.c...
linking...
Program Size: Code=5816 RO-data=1492 RW-data=56 ZI-data=1168  
FromELF: creating hex file...
".\Project.axf" - 0 Errors, 0 Warning(s).
Build target 'Target 1'
linking...
Program Size: Code=5816 RO-data=1492 RW-data=56 ZI-data=1168  
FromELF: creating hex file...
".\Project.axf" - 0 Errors, 0 Warning(s).
Load "E:\\mse450_project\\Project.axf" 
Build target 'Target 1'
linking...
Program Size: Code=5816 RO-data=1492 RW-data=56 ZI-data=1168  
FromELF: creating hex file...
".\Project.axf" - 0 Errors, 0 Warning(s).
Load "E:\\mse450_project\\Project.axf" 
Erase Done.
Programming Done.
Verify OK.
Application running ...
Build target 'Target 1'
compiling stm32f4xx_it.c...
linking...
Program Size: Code=9028 RO-data=1492 RW-data=56 ZI-data=1168  
FromELF: creating hex file...
".\Project.axf" - 0 Errors, 0 Warning(s).
Load "E:\\mse450_project\\Project.axf" 
Erase Done.
Programming Done.
Verify OK.
Application running ...
Build target 'Target 1'
compiling stm32f4xx_it.c...
linking...
Program Size: Code=9028 RO-data=1492 RW-data=56 ZI-data=1168  
FromELF: creating hex file...
".\Project.axf" - 0 Errors, 0 Warning(s).
Load "E:\\mse450_project\\Project.axf" 
Erase Done.
Programming Done.
Verify OK.
Application running ...
Build target 'Target 1'
compiling stm32f4xx_it.c...
linking...
Program Size: Code=9024 RO-data=1492 RW-data=56 ZI-data=1168  
FromELF: creating hex file...
".\Project.axf" - 0 Errors, 0 Warning(s).
Load "E:\\mse450_project\\Project.axf" 
Erase Done.
Programming Done.
Verify OK.
Application running ...
Build target 'Target 1'
compiling stm32f4xx_it.c...
linking...
Program Size: Code=5812 RO-data=1492 RW-data=56 ZI-data=1168  
FromELF: creating hex file...
".\Project.axf" - 0 Errors, 0 Warning(s).
Load "E:\\mse450_project\\Project.axf" 
Erase Done.
Programming Done.
Verify OK.
Application running ...
Build target 'Target 1'
linking...
Program Size: Code=5812 RO-data=1492 RW-data=56 ZI-data=1168  
FromELF: creating hex file...
".\Project.axf" - 0 Errors, 0 Warning(s).
Load "E:\\mse450_project\\Project.axf" 
Erase Done.
Programming Done.
Verify OK.
Application running ...
Build target 'Target 1'
compiling stm32f4xx_it.c...
linking...
Program Size: Code=5736 RO-data=1492 RW-data=56 ZI-data=1168  
FromELF: creating hex file...
".\Project.axf" - 0 Errors, 0 Warning(s).
Build target 'Target 1'
compiling main.c...
User\main.c(221): warning:  #177-D: function "TIM7_Config" was declared but never referenced
User\main.c(238): warning:  #177-D: function "Encoder_Config" was declared but never referenced
User\main.c(74): warning:  #177-D: function "MPU6050_Config" was declared but never referenced
linking...
Program Size: Code=4504 RO-data=1472 RW-data=12 ZI-data=1156  
FromELF: creating hex file...
".\Project.axf" - 0 Errors, 3 Warning(s).
Load "E:\\mse450_project\\Project.axf" 
Erase Done.
Programming Done.
Verify OK.
Application running ...
Build target 'Target 1'
compiling main.c...
User\main.c(221): warning:  #177-D: function "TIM7_Config" was declared but never referenced
User\main.c(238): warning:  #177-D: function "Encoder_Config" was declared but never referenced
User\main.c(74): warning:  #177-D: function "MPU6050_Config" was declared but never referenced
compiling stm32f4xx_it.c...
linking...
Program Size: Code=4616 RO-data=1472 RW-data=12 ZI-data=1156  
FromELF: creating hex file...
".\Project.axf" - 0 Errors, 3 Warning(s).
Load "E:\\mse450_project\\Project.axf" 
Erase Done.
Programming Done.
Verify OK.
Application running ...
Build target 'Target 1'
compiling main.c...
User\main.c(238): warning:  #177-D: function "Encoder_Config" was declared but never referenced
compiling stm32f4xx_it.c...
linking...
Program Size: Code=5452 RO-data=1492 RW-data=56 ZI-data=1168  
FromELF: creating hex file...
".\Project.axf" - 0 Errors, 1 Warning(s).
Load "E:\\mse450_project\\Project.axf" 
Erase Done.
Programming Done.
Verify OK.
Application running ...
Build target 'Target 1'
compiling stm32f4xx_it.c...
linking...
Program Size: Code=9032 RO-data=1492 RW-data=56 ZI-data=1168  
FromELF: creating hex file...
".\Project.axf" - 0 Errors, 0 Warning(s).
Load "E:\\mse450_project\\Project.axf" 
Erase Done.
Programming Done.
Verify OK.
Application running ...
Build target 'Target 1'
compiling stm32f4xx_it.c...
linking...
Program Size: Code=5452 RO-data=1492 RW-data=56 ZI-data=1168  
FromELF: creating hex file...
".\Project.axf" - 0 Errors, 0 Warning(s).
Load "E:\\mse450_project\\Project.axf" 
Erase Done.
Programming Done.
Verify OK.
Application running ...
Build target 'Target 1'
compiling main.c...
User\main.c(221): warning:  #177-D: function "TIM7_Config" was declared but never referenced
User\main.c(238): warning:  #177-D: function "Encoder_Config" was declared but never referenced
User\main.c(74): warning:  #177-D: function "MPU6050_Config" was declared but never referenced
linking...
Program Size: Code=4220 RO-data=1472 RW-data=12 ZI-data=1156  
FromELF: creating hex file...
".\Project.axf" - 0 Errors, 3 Warning(s).
Load "E:\\mse450_project\\Project.axf" 
Erase Done.
Programming Done.
Verify OK.
Application running ...
Build target 'Target 1'
compiling main.c...
User\main.c(238): warning:  #177-D: function "Encoder_Config" was declared but never referenced
linking...
Program Size: Code=5204 RO-data=1492 RW-data=36 ZI-data=1172  
FromELF: creating hex file...
".\Project.axf" - 0 Errors, 1 Warning(s).
Load "E:\\mse450_project\\Project.axf" 
Erase Done.
Programming Done.
Verify OK.
Application running ...
Build target 'Target 1'
compiling stm32f4xx_it.c...
linking...
Program Size: Code=5188 RO-data=1492 RW-data=36 ZI-data=1172  
FromELF: creating hex file...
".\Project.axf" - 0 Errors, 0 Warning(s).
Load "E:\\mse450_project\\Project.axf" 
Erase Done.
Programming Done.
Verify OK.
Application running ...
Build target 'Target 1'
compiling stm32f4xx_it.c...
User\stm32f4xx_it.c(198): warning:  #550-D: variable "temp" was set but never used
linking...
Program Size: Code=5212 RO-data=1492 RW-data=36 ZI-data=1172  
FromELF: creating hex file...
".\Project.axf" - 0 Errors, 1 Warning(s).
Load "E:\\mse450_project\\Project.axf" 
Erase Done.
Programming Done.
Verify OK.
Application running ...
Build target 'Target 1'
compiling stm32f4xx_it.c...
User\stm32f4xx_it.c(198): warning:  #550-D: variable "temp" was set but never used
linking...
Program Size: Code=5232 RO-data=1492 RW-data=36 ZI-data=1172  
FromELF: creating hex file...
".\Project.axf" - 0 Errors, 1 Warning(s).
Load "E:\\mse450_project\\Project.axf" 
Erase Done.
Programming Done.
Verify OK.
Application running ...
Build target 'Target 1'
compiling stm32f4xx_it.c...
User\stm32f4xx_it.c(198): warning:  #550-D: variable "temp" was set but never used
linking...
Program Size: Code=5236 RO-data=1492 RW-data=36 ZI-data=1172  
FromELF: creating hex file...
".\Project.axf" - 0 Errors, 1 Warning(s).
Load "E:\\mse450_project\\Project.axf" 
Erase Done.
Programming Done.
Verify OK.
Application running ...
Build target 'Target 1'
compiling stm32f4xx_it.c...
User\stm32f4xx_it.c(198): warning:  #550-D: variable "temp" was set but never used
linking...
Program Size: Code=5200 RO-data=1492 RW-data=36 ZI-data=1172  
FromELF: creating hex file...
".\Project.axf" - 0 Errors, 1 Warning(s).
Load "E:\\mse450_project\\Project.axf" 
Erase Done.
Programming Done.
Verify OK.
Application running ...
Build target 'Target 1'
compiling stm32f4xx_it.c...
User\stm32f4xx_it.c(197): warning:  #550-D: variable "dir" was set but never used
User\stm32f4xx_it.c(198): warning:  #177-D: variable "temp" was declared but never referenced
linking...
Program Size: Code=5128 RO-data=1492 RW-data=36 ZI-data=1172  
FromELF: creating hex file...
".\Project.axf" - 0 Errors, 2 Warning(s).
Load "E:\\mse450_project\\Project.axf" 
Erase Done.
Programming Done.
Verify OK.
Application running ...
Build target 'Target 1'
compiling stm32f4xx_it.c...
User\stm32f4xx_it.c(197): warning:  #177-D: variable "dir" was declared but never referenced
User\stm32f4xx_it.c(198): warning:  #177-D: variable "temp" was declared but never referenced
linking...
Program Size: Code=5128 RO-data=1492 RW-data=36 ZI-data=1172  
FromELF: creating hex file...
".\Project.axf" - 0 Errors, 2 Warning(s).
Load "E:\\mse450_project\\Project.axf" 
Erase Done.
Programming Done.
Verify OK.
Application running ...
Build target 'Target 1'
compiling main.c...
User\main.c(221): warning:  #177-D: function "TIM7_Config" was declared but never referenced
User\main.c(238): warning:  #177-D: function "Encoder_Config" was declared but never referenced
User\main.c(74): warning:  #177-D: function "MPU6050_Config" was declared but never referenced
linking...
Program Size: Code=3940 RO-data=1472 RW-data=12 ZI-data=1156  
FromELF: creating hex file...
".\Project.axf" - 0 Errors, 3 Warning(s).
Load "E:\\mse450_project\\Project.axf" 
Erase Done.
Programming Done.
Verify OK.
Application running ...
Build target 'Target 1'
compiling main.c...
User\main.c(238): warning:  #177-D: function "Encoder_Config" was declared but never referenced
linking...
Program Size: Code=5128 RO-data=1492 RW-data=36 ZI-data=1172  
FromELF: creating hex file...
".\Project.axf" - 0 Errors, 1 Warning(s).
Load "E:\\mse450_project\\Project.axf" 
Erase Done.
Programming Done.
Verify OK.
Application running ...
Build target 'Target 1'
compiling main.c...
User\main.c(238): warning:  #177-D: function "Encoder_Config" was declared but never referenced
linking...
Program Size: Code=5128 RO-data=1492 RW-data=36 ZI-data=1172  
FromELF: creating hex file...
".\Project.axf" - 0 Errors, 1 Warning(s).
Load "E:\\mse450_project\\Project.axf" 
Erase Done.
Programming Done.
Verify OK.
Application running ...
Build target 'Target 1'
compiling main.c...
User\main.c(238): warning:  #177-D: function "Encoder_Config" was declared but never referenced
linking...
Program Size: Code=5112 RO-data=1492 RW-data=36 ZI-data=1172  
FromELF: creating hex file...
".\Project.axf" - 0 Errors, 1 Warning(s).
Load "E:\\mse450_project\\Project.axf" 
Erase Done.
Programming Done.
Verify OK.
Application running ...
Build target 'Target 1'
compiling main.c...
User\main.c(221): warning:  #177-D: function "TIM7_Config" was declared but never referenced
User\main.c(238): warning:  #177-D: function "Encoder_Config" was declared but never referenced
linking...
Program Size: Code=5056 RO-data=1492 RW-data=36 ZI-data=1172  
FromELF: creating hex file...
".\Project.axf" - 0 Errors, 2 Warning(s).
Load "E:\\mse450_project\\Project.axf" 
Erase Done.
Programming Done.
Verify OK.
Application running ...
Build target 'Target 1'
compiling main.c...
User\main.c(238): warning:  #177-D: function "Encoder_Config" was declared but never referenced
linking...
Program Size: Code=5128 RO-data=1492 RW-data=36 ZI-data=1172  
FromELF: creating hex file...
".\Project.axf" - 0 Errors, 1 Warning(s).
Load "E:\\mse450_project\\Project.axf" 
Erase Done.
Programming Done.
Verify OK.
Application running ...
Build target 'Target 1'
compiling main.c...
User\main.c(259): warning:  #177-D: variable "temp" was declared but never referenced
User\main.c(260): warning:  #177-D: variable "n" was declared but never referenced
User\main.c(238): warning:  #177-D: function "Encoder_Config" was declared but never referenced
linking...
Program Size: Code=4924 RO-data=1492 RW-data=36 ZI-data=1052  
FromELF: creating hex file...
".\Project.axf" - 0 Errors, 3 Warning(s).
Load "E:\\mse450_project\\Project.axf" 
Erase Done.
Programming Done.
Verify OK.
Application running ...
Build target 'Target 1'
compiling main.c...
User\main.c(259): warning:  #177-D: variable "temp" was declared but never referenced
User\main.c(260): warning:  #177-D: variable "n" was declared but never referenced
User\main.c(238): warning:  #177-D: function "Encoder_Config" was declared but never referenced
compiling stm32f4xx_it.c...
User\stm32f4xx_it.c(197): warning:  #177-D: variable "dir" was declared but never referenced
User\stm32f4xx_it.c(198): warning:  #177-D: variable "temp" was declared but never referenced
linking...
Program Size: Code=4908 RO-data=1492 RW-data=36 ZI-data=1052  
FromELF: creating hex file...
".\Project.axf" - 0 Errors, 5 Warning(s).
Load "E:\\mse450_project\\Project.axf" 
Erase Done.
Programming Done.
Verify OK.
Application running ...
Build target 'Target 1'
compiling stm32f4xx_it.c...
User\stm32f4xx_it.c(197): warning:  #177-D: variable "dir" was declared but never referenced
User\stm32f4xx_it.c(198): warning:  #177-D: variable "temp" was declared but never referenced
linking...
Program Size: Code=4900 RO-data=1492 RW-data=36 ZI-data=1052  
FromELF: creating hex file...
".\Project.axf" - 0 Errors, 2 Warning(s).
Load "E:\\mse450_project\\Project.axf" 
Erase Done.
Programming Done.
Verify OK.
Application running ...
Build target 'Target 1'
linking...
Program Size: Code=4900 RO-data=1492 RW-data=36 ZI-data=1052  
FromELF: creating hex file...
".\Project.axf" - 0 Errors, 0 Warning(s).
Load "E:\\mse450_project\\Project.axf" 
Erase Done.
Programming Done.
Verify OK.
Application running ...
Build target 'Target 1'
compiling main.c...
User\main.c(259): warning:  #177-D: variable "temp" was declared but never referenced
User\main.c(260): warning:  #177-D: variable "n" was declared but never referenced
User\main.c(221): warning:  #177-D: function "TIM7_Config" was declared but never referenced
User\main.c(238): warning:  #177-D: function "Encoder_Config" was declared but never referenced
linking...
Program Size: Code=4828 RO-data=1492 RW-data=36 ZI-data=1052  
FromELF: creating hex file...
".\Project.axf" - 0 Errors, 4 Warning(s).
Load "E:\\mse450_project\\Project.axf" 
Erase Done.
Programming Done.
Verify OK.
Application running ...
Build target 'Target 1'
compiling main.c...
User\main.c(259): warning:  #177-D: variable "temp" was declared but never referenced
User\main.c(260): warning:  #177-D: variable "n" was declared but never referenced
User\main.c(238): warning:  #177-D: function "Encoder_Config" was declared but never referenced
linking...
Program Size: Code=4900 RO-data=1492 RW-data=36 ZI-data=1052  
FromELF: creating hex file...
".\Project.axf" - 0 Errors, 3 Warning(s).
Load "E:\\mse450_project\\Project.axf" 
Erase Done.
Programming Done.
Verify OK.
Application running ...
Build target 'Target 1'
compiling stm32f4xx_it.c...
User\stm32f4xx_it.c(197): warning:  #177-D: variable "dir" was declared but never referenced
User\stm32f4xx_it.c(198): warning:  #177-D: variable "temp" was declared but never referenced
linking...
Program Size: Code=4872 RO-data=1492 RW-data=36 ZI-data=1052  
FromELF: creating hex file...
".\Project.axf" - 0 Errors, 2 Warning(s).
Load "E:\\mse450_project\\Project.axf" 
Erase Done.
Programming Done.
Verify OK.
Application running ...
Build target 'Target 1'
compiling stm32f4xx_it.c...
User\stm32f4xx_it.c(197): warning:  #177-D: variable "dir" was declared but never referenced
User\stm32f4xx_it.c(198): warning:  #177-D: variable "temp" was declared but never referenced
linking...
Program Size: Code=4900 RO-data=1492 RW-data=36 ZI-data=1052  
FromELF: creating hex file...
".\Project.axf" - 0 Errors, 2 Warning(s).
Load "E:\\mse450_project\\Project.axf" 
Erase Done.
Programming Done.
Verify OK.
Application running ...
Build target 'Target 1'
compiling main.c...
User\main.c(259): warning:  #177-D: variable "temp" was declared but never referenced
User\main.c(260): warning:  #177-D: variable "n" was declared but never referenced
User\main.c(238): warning:  #177-D: function "Encoder_Config" was declared but never referenced
linking...
Program Size: Code=4900 RO-data=1492 RW-data=36 ZI-data=1052  
FromELF: creating hex file...
".\Project.axf" - 0 Errors, 3 Warning(s).
Load "E:\\mse450_project\\Project.axf" 
Erase Done.
Programming Done.
Verify OK.
Application running ...
Build target 'Target 1'
compiling main.c...
User\main.c(260): warning:  #177-D: variable "temp" was declared but never referenced
User\main.c(261): warning:  #177-D: variable "n" was declared but never referenced
User\main.c(222): warning:  #177-D: function "TIM7_Config" was declared but never referenced
User\main.c(239): warning:  #177-D: function "Encoder_Config" was declared but never referenced
linking...
Program Size: Code=4872 RO-data=1492 RW-data=56 ZI-data=1048  
FromELF: creating hex file...
".\Project.axf" - 0 Errors, 4 Warning(s).
Load "E:\\mse450_project\\Project.axf" 
Erase Done.
Programming Done.
Verify OK.
Application running ...
Build target 'Target 1'
compiling stm32f4xx_it.c...
User\stm32f4xx_it.c(198): warning:  #177-D: variable "dir" was declared but never referenced
User\stm32f4xx_it.c(199): warning:  #177-D: variable "temp" was declared but never referenced
linking...
Program Size: Code=4872 RO-data=1492 RW-data=56 ZI-data=1048  
FromELF: creating hex file...
".\Project.axf" - 0 Errors, 2 Warning(s).
Load "E:\\mse450_project\\Project.axf" 
Erase Done.
Programming Done.
Verify OK.
Application running ...
Build target 'Target 1'
compiling main.c...
User\main.c(222): warning:  #177-D: function "TIM7_Config" was declared but never referenced
User\main.c(239): warning:  #177-D: function "Encoder_Config" was declared but never referenced
linking...
Program Size: Code=5076 RO-data=1492 RW-data=56 ZI-data=1168  
FromELF: creating hex file...
".\Project.axf" - 0 Errors, 2 Warning(s).
Load "E:\\mse450_project\\Project.axf" 
Erase Done.
Programming Done.
Verify OK.
Application running ...
Build target 'Target 1'
compiling stm32f4xx_it.c...
User\stm32f4xx_it.c(199): warning:  #550-D: variable "temp" was set but never used
linking...
Program Size: Code=5220 RO-data=1492 RW-data=56 ZI-data=1168  
FromELF: creating hex file...
".\Project.axf" - 0 Errors, 1 Warning(s).
Load "E:\\mse450_project\\Project.axf" 
Erase Done.
Programming Done.
Verify OK.
Application running ...
Build target 'Target 1'
compiling stm32f4xx_it.c...
User\stm32f4xx_it.c(199): warning:  #550-D: variable "temp" was set but never used
linking...
Program Size: Code=5240 RO-data=1492 RW-data=56 ZI-data=1168  
FromELF: creating hex file...
".\Project.axf" - 0 Errors, 1 Warning(s).
Load "E:\\mse450_project\\Project.axf" 
Erase Done.
Programming Done.
Verify OK.
Application running ...
Build target 'Target 1'
compiling stm32f4xx_it.c...
User\stm32f4xx_it.c(200): warning:  #550-D: variable "temp" was set but never used
linking...
Program Size: Code=8800 RO-data=1492 RW-data=56 ZI-data=1168  
FromELF: creating hex file...
".\Project.axf" - 0 Errors, 1 Warning(s).
Load "E:\\mse450_project\\Project.axf" 
Erase Done.
Programming Done.
Verify OK.
Application running ...
Build target 'Target 1'
compiling main.c...
User\main.c(222): warning:  #177-D: function "TIM7_Config" was declared but never referenced
User\main.c(239): warning:  #177-D: function "Encoder_Config" was declared but never referenced
linking...
Program Size: Code=8760 RO-data=1492 RW-data=56 ZI-data=1168  
FromELF: creating hex file...
".\Project.axf" - 0 Errors, 2 Warning(s).
Build target 'Target 1'
compiling stm32f4xx_it.c...
User\stm32f4xx_it.c(199): warning:  #550-D: variable "temp" was set but never used
linking...
Program Size: Code=8764 RO-data=1492 RW-data=56 ZI-data=1168  
FromELF: creating hex file...
".\Project.axf" - 0 Errors, 1 Warning(s).
Load "E:\\mse450_project\\Project.axf" 
Erase Done.
Programming Done.
Verify OK.
Application running ...
Build target 'Target 1'
compiling main.c...
User\main.c(288): warning:  #181-D: argument is incompatible with corresponding format string conversion
User\main.c(222): warning:  #177-D: function "TIM7_Config" was declared but never referenced
User\main.c(239): warning:  #177-D: function "Encoder_Config" was declared but never referenced
compiling stm32f4xx_it.c...
User\stm32f4xx_it.c(199): warning:  #550-D: variable "temp" was set but never used
linking...
Program Size: Code=5676 RO-data=1492 RW-data=56 ZI-data=1168  
FromELF: creating hex file...
".\Project.axf" - 0 Errors, 4 Warning(s).
Load "E:\\mse450_project\\Project.axf" 
Erase Done.
Programming Done.
Verify OK.
Application running ...
Build target 'Target 1'
compiling main.c...
User\main.c(289): error:  #18: expected a ")"
User\main.c(222): warning:  #177-D: function "TIM7_Config" was declared but never referenced
User\main.c(239): warning:  #177-D: function "Encoder_Config" was declared but never referenced
".\Project.axf" - 1 Errors, 2 Warning(s).
Target not created
Build target 'Target 1'
compiling main.c...
User\main.c(222): warning:  #177-D: function "TIM7_Config" was declared but never referenced
User\main.c(239): warning:  #177-D: function "Encoder_Config" was declared but never referenced
linking...
Program Size: Code=8792 RO-data=1492 RW-data=56 ZI-data=1168  
FromELF: creating hex file...
".\Project.axf" - 0 Errors, 2 Warning(s).
Build target 'Target 1'
compiling main.c...
User\main.c(222): warning:  #177-D: function "TIM7_Config" was declared but never referenced
User\main.c(239): warning:  #177-D: function "Encoder_Config" was declared but never referenced
linking...
Program Size: Code=8792 RO-data=1492 RW-data=56 ZI-data=1168  
FromELF: creating hex file...
".\Project.axf" - 0 Errors, 2 Warning(s).
Load "E:\\mse450_project\\Project.axf" 
Erase Done.
Programming Done.
Verify OK.
Application running ...
Build target 'Target 1'
compiling main.c...
User\main.c(222): warning:  #177-D: function "TIM7_Config" was declared but never referenced
User\main.c(239): warning:  #177-D: function "Encoder_Config" was declared but never referenced
linking...
Program Size: Code=8796 RO-data=1492 RW-data=56 ZI-data=1168  
FromELF: creating hex file...
".\Project.axf" - 0 Errors, 2 Warning(s).
Load "E:\\mse450_project\\Project.axf" 
Erase Done.
Programming Done.
Verify OK.
Application running ...
Build target 'Target 1'
compiling main.c...
User\main.c(222): warning:  #177-D: function "TIM7_Config" was declared but never referenced
User\main.c(239): warning:  #177-D: function "Encoder_Config" was declared but never referenced
linking...
Program Size: Code=5192 RO-data=1492 RW-data=56 ZI-data=1168  
FromELF: creating hex file...
".\Project.axf" - 0 Errors, 2 Warning(s).
Load "E:\\mse450_project\\Project.axf" 
Erase Done.
Programming Done.
Verify OK.
Application running ...
Build target 'Target 1'
compiling stm32f4xx_it.c...
User\stm32f4xx_it.c(199): warning:  #550-D: variable "temp" was set but never used
linking...
Program Size: Code=8776 RO-data=1492 RW-data=56 ZI-data=1168  
FromELF: creating hex file...
".\Project.axf" - 0 Errors, 1 Warning(s).
Load "E:\\mse450_project\\Project.axf" 
Erase Done.
Programming Done.
Verify OK.
Application running ...
Build target 'Target 1'
compiling main.c...
User\main.c(222): warning:  #177-D: function "TIM7_Config" was declared but never referenced
User\main.c(239): warning:  #177-D: function "Encoder_Config" was declared but never referenced
compiling stm32f4xx_it.c...
User\stm32f4xx_it.c(199): warning:  #550-D: variable "temp" was set but never used
linking...
Program Size: Code=8768 RO-data=1492 RW-data=56 ZI-data=1168  
FromELF: creating hex file...
".\Project.axf" - 0 Errors, 3 Warning(s).
Load "E:\\mse450_project\\Project.axf" 
Erase Done.
Programming Done.
Verify OK.
Application running ...
Build target 'Target 1'
compiling main.c...
User\main.c(222): warning:  #177-D: function "TIM7_Config" was declared but never referenced
User\main.c(239): warning:  #177-D: function "Encoder_Config" was declared but never referenced
compiling stm32f4xx_it.c...
User\stm32f4xx_it.c(199): warning:  #550-D: variable "temp" was set but never used
linking...
Program Size: Code=8772 RO-data=1492 RW-data=56 ZI-data=1136  
FromELF: creating hex file...
".\Project.axf" - 0 Errors, 3 Warning(s).
Load "E:\\mse450_project\\Project.axf" 
Erase Done.
Programming Done.
Verify OK.
Application running ...
Build target 'Target 1'
compiling main.c...
User\main.c(222): warning:  #177-D: function "TIM7_Config" was declared but never referenced
User\main.c(239): warning:  #177-D: function "Encoder_Config" was declared but never referenced
compiling stm32f4xx_it.c...
linking...
Program Size: Code=8776 RO-data=1492 RW-data=56 ZI-data=1136  
FromELF: creating hex file...
".\Project.axf" - 0 Errors, 2 Warning(s).
Load "E:\\mse450_project\\Project.axf" 
Erase Done.
Programming Done.
Verify OK.
Application running ...
Build target 'Target 1'
compiling stm32f4xx_it.c...
linking...
Program Size: Code=8760 RO-data=1492 RW-data=56 ZI-data=1136  
FromELF: creating hex file...
".\Project.axf" - 0 Errors, 0 Warning(s).
Load "E:\\mse450_project\\Project.axf" 
Erase Done.
Programming Done.
Verify OK.
Application running ...
Build target 'Target 1'
compiling stm32f4xx_it.c...
linking...
Program Size: Code=8720 RO-data=1492 RW-data=56 ZI-data=1136  
FromELF: creating hex file...
".\Project.axf" - 0 Errors, 0 Warning(s).
Load "E:\\mse450_project\\Project.axf" 
Erase Done.
Programming Done.
Verify OK.
Application running ...
Build target 'Target 1'
compiling stm32f4xx_it.c...
linking...
Program Size: Code=5548 RO-data=1492 RW-data=56 ZI-data=1136  
FromELF: creating hex file...
".\Project.axf" - 0 Errors, 0 Warning(s).
Load "E:\\mse450_project\\Project.axf" 
Erase Done.
Programming Done.
Verify OK.
Application running ...
Build target 'Target 1'
compiling stm32f4xx_it.c...
linking...
Program Size: Code=5512 RO-data=2492 RW-data=56 ZI-data=1136  
FromELF: creating hex file...
".\Project.axf" - 0 Errors, 0 Warning(s).
Load "E:\\mse450_project\\Project.axf" 
Erase Done.
Programming Done.
Verify OK.
Application running ...
Build target 'Target 1'
compiling stm32f4xx_it.c...
linking...
Program Size: Code=8696 RO-data=2492 RW-data=56 ZI-data=1136  
FromELF: creating hex file...
".\Project.axf" - 0 Errors, 0 Warning(s).
Load "E:\\mse450_project\\Project.axf" 
Erase Done.
Programming Done.
Verify OK.
Application running ...
Build target 'Target 1'
compiling stm32f4xx_it.c...
linking...
Program Size: Code=8696 RO-data=2492 RW-data=56 ZI-data=1136  
FromELF: creating hex file...
".\Project.axf" - 0 Errors, 0 Warning(s).
Load "E:\\mse450_project\\Project.axf" 
Erase Done.
Programming Done.
Verify OK.
Application running ...
Build target 'Target 1'
compiling stm32f4xx_it.c...
linking...
Program Size: Code=8696 RO-data=2492 RW-data=56 ZI-data=1136  
FromELF: creating hex file...
".\Project.axf" - 0 Errors, 0 Warning(s).
Load "E:\\mse450_project\\Project.axf" 
Erase Done.
Programming Done.
Verify OK.
Application running ...
Build target 'Target 1'
compiling stm32f4xx_it.c...
linking...
Program Size: Code=8696 RO-data=2492 RW-data=56 ZI-data=1136  
FromELF: creating hex file...
".\Project.axf" - 0 Errors, 0 Warning(s).
Load "E:\\mse450_project\\Project.axf" 
Erase Done.
Programming Done.
Verify OK.
Application running ...
Build target 'Target 1'
compiling stm32f4xx_it.c...
linking...
Program Size: Code=8700 RO-data=2492 RW-data=56 ZI-data=1136  
FromELF: creating hex file...
".\Project.axf" - 0 Errors, 0 Warning(s).
Load "E:\\mse450_project\\Project.axf" 
Erase Done.
Programming Done.
Verify OK.
Application running ...
Build target 'Target 1'
compiling stm32f4xx_it.c...
User\stm32f4xx_it.c(219): error:  #137: expression must be a modifiable lvalue
User\stm32f4xx_it.c(224): error:  #137: expression must be a modifiable lvalue
User\stm32f4xx_it.c(232): warning:  #187-D: use of "=" where "==" may have been intended
".\Project.axf" - 2 Errors, 1 Warning(s).
Target not created
Build target 'Target 1'
compiling stm32f4xx_it.c...
linking...
Program Size: Code=8736 RO-data=2492 RW-data=60 ZI-data=1132  
FromELF: creating hex file...
".\Project.axf" - 0 Errors, 0 Warning(s).
Load "E:\\mse450_project\\Project.axf" 
Erase Done.
Programming Done.
Verify OK.
Application running ...
Build target 'Target 1'
linking...
Program Size: Code=8736 RO-data=2492 RW-data=60 ZI-data=1132  
FromELF: creating hex file...
".\Project.axf" - 0 Errors, 0 Warning(s).
Build target 'Target 1'
compiling stm32f4xx_it.c...
linking...
Program Size: Code=8748 RO-data=2492 RW-data=60 ZI-data=1132  
FromELF: creating hex file...
".\Project.axf" - 0 Errors, 0 Warning(s).
Load "E:\\mse450_project\\Project.axf" 
Erase Done.
Programming Done.
Verify OK.
Application running ...
Build target 'Target 1'
compiling stm32f4xx_it.c...
linking...
Program Size: Code=8748 RO-data=2492 RW-data=60 ZI-data=1132  
FromELF: creating hex file...
".\Project.axf" - 0 Errors, 0 Warning(s).
Load "E:\\mse450_project\\Project.axf" 
Erase Done.
Programming Done.
Verify OK.
Application running ...
Build target 'Target 1'
compiling stm32f4xx_it.c...
linking...
Program Size: Code=8748 RO-data=2492 RW-data=60 ZI-data=1132  
FromELF: creating hex file...
".\Project.axf" - 0 Errors, 0 Warning(s).
Load "E:\\mse450_project\\Project.axf" 
Erase Done.
Programming Done.
Verify OK.
Application running ...
Build target 'Target 1'
compiling stm32f4xx_it.c...
linking...
Program Size: Code=8748 RO-data=2492 RW-data=60 ZI-data=1132  
FromELF: creating hex file...
".\Project.axf" - 0 Errors, 0 Warning(s).
Load "E:\\mse450_project\\Project.axf" 
Erase Done.
Programming Done.
Verify OK.
Application running ...
