ARM Linker, 5.03 [Build 76] [MDK-ARM Professional]

==============================================================================

Section Cross References

    startup_stm32f4xx.o(RESET) refers to startup_stm32f4xx.o(STACK) for __initial_sp
    startup_stm32f4xx.o(RESET) refers to startup_stm32f4xx.o(.text) for Reset_Handler
    startup_stm32f4xx.o(RESET) refers to stm32f4xx_it.o(i.NMI_Handler) for NMI_Handler
    startup_stm32f4xx.o(RESET) refers to stm32f4xx_it.o(i.HardFault_Handler) for HardFault_Handler
    startup_stm32f4xx.o(RESET) refers to stm32f4xx_it.o(i.MemManage_Handler) for MemManage_Handler
    startup_stm32f4xx.o(RESET) refers to stm32f4xx_it.o(i.BusFault_Handler) for BusFault_Handler
    startup_stm32f4xx.o(RESET) refers to stm32f4xx_it.o(i.UsageFault_Handler) for UsageFault_Handler
    startup_stm32f4xx.o(RESET) refers to stm32f4xx_it.o(i.SVC_Handler) for SVC_Handler
    startup_stm32f4xx.o(RESET) refers to stm32f4xx_it.o(i.DebugMon_Handler) for DebugMon_Handler
    startup_stm32f4xx.o(RESET) refers to stm32f4xx_it.o(i.PendSV_Handler) for PendSV_Handler
    startup_stm32f4xx.o(RESET) refers to stm32f4xx_it.o(i.SysTick_Handler) for SysTick_Handler
    startup_stm32f4xx.o(RESET) refers to stm32f4xx_it.o(i.EXTI0_IRQHandler) for EXTI0_IRQHandler
    startup_stm32f4xx.o(RESET) refers to stm32f4xx_it.o(i.TIM2_IRQHandler) for TIM2_IRQHandler
    startup_stm32f4xx.o(RESET) refers to stm32f4xx_it.o(i.OTG_FS_WKUP_IRQHandler) for OTG_FS_WKUP_IRQHandler
    startup_stm32f4xx.o(RESET) refers to stm32f4xx_it.o(i.TIM5_IRQHandler) for TIM5_IRQHandler
    startup_stm32f4xx.o(RESET) refers to stm32f4xx_it.o(i.OTG_FS_IRQHandler) for OTG_FS_IRQHandler
    startup_stm32f4xx.o(.text) refers to system_stm32f4xx.o(i.SystemInit) for SystemInit
    startup_stm32f4xx.o(.text) refers to entry.o(.ARM.Collect$$$$00000000) for __main
    stm32f4_discovery.o(i.STM_EVAL_LEDInit) refers to stm32f4xx_rcc.o(i.RCC_AHB1PeriphClockCmd) for RCC_AHB1PeriphClockCmd
    stm32f4_discovery.o(i.STM_EVAL_LEDInit) refers to stm32f4xx_gpio.o(i.GPIO_Init) for GPIO_Init
    stm32f4_discovery.o(i.STM_EVAL_LEDInit) refers to stm32f4_discovery.o(.constdata) for .constdata
    stm32f4_discovery.o(i.STM_EVAL_LEDInit) refers to stm32f4_discovery.o(.data) for .data
    stm32f4_discovery.o(i.STM_EVAL_LEDOff) refers to stm32f4_discovery.o(.constdata) for .constdata
    stm32f4_discovery.o(i.STM_EVAL_LEDOff) refers to stm32f4_discovery.o(.data) for .data
    stm32f4_discovery.o(i.STM_EVAL_LEDOn) refers to stm32f4_discovery.o(.constdata) for .constdata
    stm32f4_discovery.o(i.STM_EVAL_LEDOn) refers to stm32f4_discovery.o(.data) for .data
    stm32f4_discovery.o(i.STM_EVAL_LEDToggle) refers to stm32f4_discovery.o(.data) for .data
    stm32f4_discovery.o(i.STM_EVAL_LEDToggle) refers to stm32f4_discovery.o(.constdata) for .constdata
    stm32f4_discovery.o(i.STM_EVAL_PBGetState) refers to stm32f4xx_gpio.o(i.GPIO_ReadInputDataBit) for GPIO_ReadInputDataBit
    stm32f4_discovery.o(i.STM_EVAL_PBGetState) refers to stm32f4_discovery.o(.constdata) for .constdata
    stm32f4_discovery.o(i.STM_EVAL_PBGetState) refers to stm32f4_discovery.o(.data) for .data
    stm32f4_discovery.o(i.STM_EVAL_PBInit) refers to stm32f4xx_rcc.o(i.RCC_AHB1PeriphClockCmd) for RCC_AHB1PeriphClockCmd
    stm32f4_discovery.o(i.STM_EVAL_PBInit) refers to stm32f4xx_rcc.o(i.RCC_APB2PeriphClockCmd) for RCC_APB2PeriphClockCmd
    stm32f4_discovery.o(i.STM_EVAL_PBInit) refers to stm32f4xx_gpio.o(i.GPIO_Init) for GPIO_Init
    stm32f4_discovery.o(i.STM_EVAL_PBInit) refers to stm32f4xx_syscfg.o(i.SYSCFG_EXTILineConfig) for SYSCFG_EXTILineConfig
    stm32f4_discovery.o(i.STM_EVAL_PBInit) refers to stm32f4xx_exti.o(i.EXTI_Init) for EXTI_Init
    stm32f4_discovery.o(i.STM_EVAL_PBInit) refers to misc.o(i.NVIC_Init) for NVIC_Init
    stm32f4_discovery.o(i.STM_EVAL_PBInit) refers to stm32f4_discovery.o(.constdata) for .constdata
    stm32f4_discovery.o(i.STM_EVAL_PBInit) refers to stm32f4_discovery.o(.data) for .data
    main.o(i.DelayMs) refers to main.o(.data) for .data
    main.o(i.Demo_Exec) refers to stm32f4xx_rcc.o(i.RCC_GetClocksFreq) for RCC_GetClocksFreq
    main.o(i.Demo_Exec) refers to stm32f4_discovery.o(i.STM_EVAL_LEDInit) for STM_EVAL_LEDInit
    main.o(i.Demo_Exec) refers to stm32f4_discovery.o(i.STM_EVAL_LEDOff) for STM_EVAL_LEDOff
    main.o(i.Demo_Exec) refers to stm32f4_discovery.o(i.STM_EVAL_LEDToggle) for STM_EVAL_LEDToggle
    main.o(i.Demo_Exec) refers to main.o(i.DelayMs) for DelayMs
    main.o(i.Demo_Exec) refers to stm32f4_discovery.o(i.STM_EVAL_PBGetState) for STM_EVAL_PBGetState
    main.o(i.Demo_Exec) refers to main.o(i.MPU6050_Config) for MPU6050_Config
    main.o(i.Demo_Exec) refers to printfb.o(i.__0printf$bare) for __2printf
    main.o(i.Demo_Exec) refers to stm32f4xx_rcc.o(i.RCC_APB1PeriphClockCmd) for RCC_APB1PeriphClockCmd
    main.o(i.Demo_Exec) refers to stm32f4xx_tim.o(i.TIM_TimeBaseInit) for TIM_TimeBaseInit
[...]
    ../clib/microlib/init/entry.s            0x00000000   Number         0  entry8a.o ABSOLUTE
    ../clib/microlib/init/entry.s            0x00000000   Number         0  entry7b.o ABSOLUTE
    ../clib/microlib/init/entry.s            0x00000000   Number         0  entry10a.o ABSOLUTE
    ../clib/microlib/init/entry.s            0x00000000   Number         0  entry2.o ABSOLUTE
    ../clib/microlib/init/entry.s            0x00000000   Number         0  entry9b.o ABSOLUTE
    ../clib/microlib/init/entry.s            0x00000000   Number         0  entry.o ABSOLUTE
    ../clib/microlib/init/entry.s            0x00000000   Number         0  entry9a.o ABSOLUTE
    ../clib/microlib/longlong.c              0x00000000   Number         0  llshl.o ABSOLUTE
    ../clib/microlib/longlong.c              0x00000000   Number         0  llushr.o ABSOLUTE
    ../clib/microlib/longlong.c              0x00000000   Number         0  llsshr.o ABSOLUTE
    ../clib/microlib/printf/printf.c         0x00000000   Number         0  printf6.o ABSOLUTE
    ../clib/microlib/printf/printf.c         0x00000000   Number         0  printf7.o ABSOLUTE
    ../clib/microlib/printf/printf.c         0x00000000   Number         0  printf8.o ABSOLUTE
    ../clib/microlib/printf/printf.c         0x00000000   Number         0  printfa.o ABSOLUTE
    ../clib/microlib/printf/printf.c         0x00000000   Number         0  printf3.o ABSOLUTE
    ../clib/microlib/printf/printf.c         0x00000000   Number         0  printf0.o ABSOLUTE
    ../clib/microlib/printf/printf.c         0x00000000   Number         0  printf1.o ABSOLUTE
    ../clib/microlib/printf/printf.c         0x00000000   Number         0  printf2.o ABSOLUTE
    ../clib/microlib/printf/printf.c         0x00000000   Number         0  printf5.o ABSOLUTE
    ../clib/microlib/printf/printf.c         0x00000000   Number         0  printf4.o ABSOLUTE
    ../clib/microlib/printf/printf.c         0x00000000   Number         0  printfb.o ABSOLUTE
    ../clib/microlib/stubs.s                 0x00000000   Number         0  iusefp.o ABSOLUTE
    ../fplib/microlib/fpadd.c                0x00000000   Number         0  dadd.o ABSOLUTE
    ../fplib/microlib/fpdiv.c                0x00000000   Number         0  ddiv.o ABSOLUTE
    ../fplib/microlib/fpepilogue.c           0x00000000   Number         0  depilogue.o ABSOLUTE
    ../fplib/microlib/fpfix.c                0x00000000   Number         0  dfixul.o ABSOLUTE
    ../fplib/microlib/fpmul.c                0x00000000   Number         0  dmul.o ABSOLUTE
    CMSIS\\stm32f4_discovery.c               0x00000000   Number         0  stm32f4_discovery.o ABSOLUTE
    CMSIS\startup_stm32f4xx.s                0x00000000   Number         0  startup_stm32f4xx.o ABSOLUTE
    CMSIS\stm32f4_discovery.c                0x00000000   Number         0  stm32f4_discovery.o ABSOLUTE
    Lib\StdPeriph\misc.c                     0x00000000   Number         0  misc.o ABSOLUTE
    Lib\StdPeriph\stm32f4xx_adc.c            0x00000000   Number         0  stm32f4xx_adc.o ABSOLUTE
    Lib\StdPeriph\stm32f4xx_can.c            0x00000000   Number         0  stm32f4xx_can.o ABSOLUTE
    Lib\StdPeriph\stm32f4xx_crc.c            0x00000000   Number         0  stm32f4xx_crc.o ABSOLUTE
    Lib\StdPeriph\stm32f4xx_cryp.c           0x00000000   Number         0  stm32f4xx_cryp.o ABSOLUTE
    Lib\StdPeriph\stm32f4xx_cryp_aes.c       0x00000000   Number         0  stm32f4xx_cryp_aes.o ABSOLUTE
    Lib\StdPeriph\stm32f4xx_cryp_des.c       0x00000000   Number         0  stm32f4xx_cryp_des.o ABSOLUTE
    Lib\StdPeriph\stm32f4xx_cryp_tdes.c      0x00000000   Number         0  stm32f4xx_cryp_tdes.o ABSOLUTE
    Lib\StdPeriph\stm32f4xx_dac.c            0x00000000   Number         0  stm32f4xx_dac.o ABSOLUTE
    Lib\StdPeriph\stm32f4xx_dbgmcu.c         0x00000000   Number         0  stm32f4xx_dbgmcu.o ABSOLUTE
    Lib\StdPeriph\stm32f4xx_dcmi.c           0x00000000   Number         0  stm32f4xx_dcmi.o ABSOLUTE
    Lib\StdPeriph\stm32f4xx_dma.c            0x00000000   Number         0  stm32f4xx_dma.o ABSOLUTE
    Lib\StdPeriph\stm32f4xx_exti.c           0x00000000   Number         0  stm32f4xx_exti.o ABSOLUTE
    Lib\StdPeriph\stm32f4xx_flash.c          0x00000000   Number         0  stm32f4xx_flash.o ABSOLUTE
    Lib\StdPeriph\stm32f4xx_fsmc.c           0x00000000   Number         0  stm32f4xx_fsmc.o ABSOLUTE
    Lib\StdPeriph\stm32f4xx_gpio.c           0x00000000   Number         0  stm32f4xx_gpio.o ABSOLUTE
    Lib\StdPeriph\stm32f4xx_hash.c           0x00000000   Number         0  stm32f4xx_hash.o ABSOLUTE
    Lib\StdPeriph\stm32f4xx_hash_md5.c       0x00000000   Number         0  stm32f4xx_hash_md5.o ABSOLUTE
    Lib\StdPeriph\stm32f4xx_hash_sha1.c      0x00000000   Number         0  stm32f4xx_hash_sha1.o ABSOLUTE
    Lib\StdPeriph\stm32f4xx_i2c.c            0x00000000   Number         0  stm32f4xx_i2c.o ABSOLUTE
    Lib\StdPeriph\stm32f4xx_iwdg.c           0x00000000   Number         0  stm32f4xx_iwdg.o ABSOLUTE
    Lib\StdPeriph\stm32f4xx_pwr.c            0x00000000   Number         0  stm32f4xx_pwr.o ABSOLUTE
    Lib\StdPeriph\stm32f4xx_rcc.c            0x00000000   Number         0  stm32f4xx_rcc.o ABSOLUTE
    Lib\StdPeriph\stm32f4xx_rng.c            0x00000000   Number         0  stm32f4xx_rng.o ABSOLUTE
    Lib\StdPeriph\stm32f4xx_rtc.c            0x00000000   Number         0  stm32f4xx_rtc.o ABSOLUTE
    Lib\StdPeriph\stm32f4xx_sdio.c           0x00000000   Number         0  stm32f4xx_sdio.o ABSOLUTE
    Lib\StdPeriph\stm32f4xx_spi.c            0x00000000   Number         0  stm32f4xx_spi.o ABSOLUTE
    Lib\StdPeriph\stm32f4xx_syscfg.c         0x00000000   Number         0  stm32f4xx_syscfg.o ABSOLUTE
    Lib\StdPeriph\stm32f4xx_tim.c            0x00000000   Number         0  stm32f4xx_tim.o ABSOLUTE
    Lib\StdPeriph\stm32f4xx_usart.c          0x00000000   Number         0  stm32f4xx_usart.o ABSOLUTE
    Lib\StdPeriph\stm32f4xx_wwdg.c           0x00000000   Number         0  stm32f4xx_wwdg.o ABSOLUTE
    Lib\USB\STM32_USB_Device_Library\Class\hid\src\usbd_hid_core.c 0x00000000   Number         0  usbd_hid_core.o ABSOLUTE
    Lib\USB\STM32_USB_Device_Library\Core\src\usbd_core.c 0x00000000   Number         0  usbd_core.o ABSOLUTE
    Lib\USB\STM32_USB_Device_Library\Core\src\usbd_ioreq.c 0x00000000   Number         0  usbd_ioreq.o ABSOLUTE
    Lib\USB\STM32_USB_Device_Library\Core\src\usbd_req.c 0x00000000   Number         0  usbd_req.o ABSOLUTE
    Lib\USB\STM32_USB_OTG_Driver\src\usb_core.c 0x00000000   Number         0  usb_core.o ABSOLUTE
    Lib\USB\STM32_USB_OTG_Driver\src\usb_dcd.c 0x00000000   Number         0  usb_dcd.o ABSOLUTE
    Lib\USB\STM32_USB_OTG_Driver\src\usb_dcd_int.c 0x00000000   Number         0  usb_dcd_int.o ABSOLUTE
    Lib\\StdPeriph\\misc.c                   0x00000000   Number         0  misc.o ABSOLUTE
    Lib\\StdPeriph\\stm32f4xx_adc.c          0x00000000   Number         0  stm32f4xx_adc.o ABSOLUTE
    Lib\\StdPeriph\\stm32f4xx_can.c          0x00000000   Number         0  stm32f4xx_can.o ABSOLUTE
    Lib\\StdPeriph\\stm32f4xx_crc.c          0x00000000   Number         0  stm32f4xx_crc.o ABSOLUTE
    Lib\\StdPeriph\\stm32f4xx_cryp.c         0x00000000   Number         0  stm32f4xx_cryp.o ABSOLUTE
    Lib\\StdPeriph\\stm32f4xx_cryp_aes.c     0x00000000   Number         0  stm32f4xx_cryp_aes.o ABSOLUTE
    Lib\\StdPeriph\\stm32f4xx_cryp_des.c     0x00000000   Number         0  stm32f4xx_cryp_des.o ABSOLUTE
    Lib\\StdPeriph\\stm32f4xx_cryp_tdes.c    0x00000000   Number         0  stm32f4xx_cryp_tdes.o ABSOLUTE
    Lib\\StdPeriph\\stm32f4xx_dac.c          0x00000000   Number         0  stm32f4xx_dac.o ABSOLUTE
    Lib\\StdPeriph\\stm32f4xx_dbgmcu.c       0x00000000   Number         0  stm32f4xx_dbgmcu.o ABSOLUTE
    Lib\\StdPeriph\\stm32f4xx_dcmi.c         0x00000000   Number         0  stm32f4xx_dcmi.o ABSOLUTE
    Lib\\StdPeriph\\stm32f4xx_dma.c          0x00000000   Number         0  stm32f4xx_dma.o ABSOLUTE
    Lib\\StdPeriph\\stm32f4xx_exti.c         0x00000000   Number         0  stm32f4xx_exti.o ABSOLUTE
    Lib\\StdPeriph\\stm32f4xx_flash.c        0x00000000   Number         0  stm32f4xx_flash.o ABSOLUTE
    Lib\\StdPeriph\\stm32f4xx_fsmc.c         0x00000000   Number         0  stm32f4xx_fsmc.o ABSOLUTE
    Lib\\StdPeriph\\stm32f4xx_gpio.c         0x00000000   Number         0  stm32f4xx_gpio.o ABSOLUTE
    Lib\\StdPeriph\\stm32f4xx_hash.c         0x00000000   Number         0  stm32f4xx_hash.o ABSOLUTE
    Lib\\StdPeriph\\stm32f4xx_hash_md5.c     0x00000000   Number         0  stm32f4xx_hash_md5.o ABSOLUTE
    Lib\\StdPeriph\\stm32f4xx_hash_sha1.c    0x00000000   Number         0  stm32f4xx_hash_sha1.o ABSOLUTE
    Lib\\StdPeriph\\stm32f4xx_i2c.c          0x00000000   Number         0  stm32f4xx_i2c.o ABSOLUTE
    Lib\\StdPeriph\\stm32f4xx_iwdg.c         0x00000000   Number         0  stm32f4xx_iwdg.o ABSOLUTE
    Lib\\StdPeriph\\stm32f4xx_pwr.c          0x00000000   Number         0  stm32f4xx_pwr.o ABSOLUTE
    Lib\\StdPeriph\\stm32f4xx_rcc.c          0x00000000   Number         0  stm32f4xx_rcc.o ABSOLUTE
    Lib\\StdPeriph\\stm32f4xx_rng.c          0x00000000   Number         0  stm32f4xx_rng.o ABSOLUTE
    Lib\\StdPeriph\\stm32f4xx_rtc.c          0x00000000   Number         0  stm32f4xx_rtc.o ABSOLUTE
    Lib\\StdPeriph\\stm32f4xx_sdio.c         0x00000000   Number         0  stm32f4xx_sdio.o ABSOLUTE
    Lib\\StdPeriph\\stm32f4xx_spi.c          0x00000000   Number         0  stm32f4xx_spi.o ABSOLUTE
    Lib\\StdPeriph\\stm32f4xx_syscfg.c       0x00000000   Number         0  stm32f4xx_syscfg.o ABSOLUTE
    Lib\\StdPeriph\\stm32f4xx_tim.c          0x00000000   Number         0  stm32f4xx_tim.o ABSOLUTE
    Lib\\StdPeriph\\stm32f4xx_usart.c        0x00000000   Number         0  stm32f4xx_usart.o ABSOLUTE
    Lib\\StdPeriph\\stm32f4xx_wwdg.c         0x00000000   Number         0  stm32f4xx_wwdg.o ABSOLUTE
    Lib\\USB\\STM32_USB_Device_Library\\Class\\hid\\src\\usbd_hid_core.c 0x00000000   Number         0  usbd_hid_core.o ABSOLUTE
    Lib\\USB\\STM32_USB_Device_Library\\Core\\src\\usbd_core.c 0x00000000   Number         0  usbd_core.o ABSOLUTE
    Lib\\USB\\STM32_USB_Device_Library\\Core\\src\\usbd_ioreq.c 0x00000000   Number         0  usbd_ioreq.o ABSOLUTE
    Lib\\USB\\STM32_USB_Device_Library\\Core\\src\\usbd_req.c 0x00000000   Number         0  usbd_req.o ABSOLUTE
    Lib\\USB\\STM32_USB_OTG_Driver\\src\\usb_core.c 0x00000000   Number         0  usb_core.o ABSOLUTE
    Lib\\USB\\STM32_USB_OTG_Driver\\src\\usb_dcd.c 0x00000000   Number         0  usb_dcd.o ABSOLUTE
    Lib\\USB\\STM32_USB_OTG_Driver\\src\\usb_dcd_int.c 0x00000000   Number         0  usb_dcd_int.o ABSOLUTE
    MPU6050\\stm32f4_MPU6050.c               0x00000000   Number         0  stm32f4_mpu6050.o ABSOLUTE
    MPU6050\stm32f4_MPU6050.c                0x00000000   Number         0  stm32f4_mpu6050.o ABSOLUTE
    User\\main.c                             0x00000000   Number         0  main.o ABSOLUTE
    User\\printf.c                           0x00000000   Number         0  printf.o ABSOLUTE
    User\\stm32f4xx_it.c                     0x00000000   Number         0  stm32f4xx_it.o ABSOLUTE
    User\\system_stm32f4xx.c                 0x00000000   Number         0  system_stm32f4xx.o ABSOLUTE
    User\\usb_bsp.c                          0x00000000   Number         0  usb_bsp.o ABSOLUTE
    User\\usbd_desc.c                        0x00000000   Number         0  usbd_desc.o ABSOLUTE
    User\\usbd_usr.c                         0x00000000   Number         0  usbd_usr.o ABSOLUTE
    User\main.c                              0x00000000   Number         0  main.o ABSOLUTE
    User\printf.c                            0x00000000   Number         0  printf.o ABSOLUTE
    User\stm32f4xx_it.c                      0x00000000   Number         0  stm32f4xx_it.o ABSOLUTE
    User\system_stm32f4xx.c                  0x00000000   Number         0  system_stm32f4xx.o ABSOLUTE
    User\usb_bsp.c                           0x00000000   Number         0  usb_bsp.o ABSOLUTE
    User\usbd_desc.c                         0x00000000   Number         0  usbd_desc.o ABSOLUTE
    User\usbd_usr.c                          0x00000000   Number         0  usbd_usr.o ABSOLUTE
    cdrcmple.s                               0x00000000   Number         0  cdrcmple.o ABSOLUTE
    dc.s                                     0x00000000   Number         0  dc.o ABSOLUTE
    handlers.s                               0x00000000   Number         0  handlers.o ABSOLUTE
    init.s                                   0x00000000   Number         0  init.o ABSOLUTE
    RESET                                    0x08000000   Section      392  startup_stm32f4xx.o(RESET)
    .ARM.Collect$$$$00000000                 0x08000188   Section        0  entry.o(.ARM.Collect$$$$00000000)
    .ARM.Collect$$$$00000001                 0x08000188   Section        4  entry2.o(.ARM.Collect$$$$00000001)
    .ARM.Collect$$$$00000004                 0x0800018c   Section        4  entry5.o(.ARM.Collect$$$$00000004)
    .ARM.Collect$$$$00000008                 0x08000190   Section        0  entry7b.o(.ARM.Collect$$$$00000008)
    .ARM.Collect$$$$0000000A                 0x08000190   Section        0  entry8b.o(.ARM.Collect$$$$0000000A)
    .ARM.Collect$$$$0000000B                 0x08000190   Section        8  entry9a.o(.ARM.Collect$$$$0000000B)
    .ARM.Collect$$$$0000000D                 0x08000198   Section        0  entry10a.o(.ARM.Collect$$$$0000000D)
    .ARM.Collect$$$$0000000F                 0x08000198   Section        0  entry11a.o(.ARM.Collect$$$$0000000F)
    .ARM.Collect$$$$00002712                 0x08000198   Section        4  entry2.o(.ARM.Collect$$$$00002712)
    __lit__00000000                          0x08000198   Data           4  entry2.o(.ARM.Collect$$$$00002712)
    .text                                    0x0800019c   Section       36  startup_stm32f4xx.o(.text)
    $v0                                      0x0800019c   Number         0  startup_stm32f4xx.o(.text)
    .text                                    0x080001c0   Section       36  init.o(.text)
    .text                                    0x080001e4   Section        0  __dczerorl2.o(.text)
    i.BusFault_Handler                       0x08000240   Section        0  stm32f4xx_it.o(i.BusFault_Handler)
    i.DCD_DevDisconnect                      0x08000242   Section        0  usb_dcd.o(i.DCD_DevDisconnect)
    i.DCD_EP_Close                           0x08000252   Section        0  usb_dcd.o(i.DCD_EP_Close)
    i.DCD_EP_ClrStall                        0x0800027e   Section        0  usb_dcd.o(i.DCD_EP_ClrStall)
    i.DCD_EP_Flush                           0x080002b6   Section        0  usb_dcd.o(i.DCD_EP_Flush)
    i.DCD_EP_Open                            0x080002ce   Section        0  usb_dcd.o(i.DCD_EP_Open)
    i.DCD_EP_PrepareRx                       0x0800030a   Section        0  usb_dcd.o(i.DCD_EP_PrepareRx)
    i.DCD_EP_SetAddress                      0x08000344   Section        0  usb_dcd.o(i.DCD_EP_SetAddress)
    i.DCD_EP_Stall                           0x08000354   Section        0  usb_dcd.o(i.DCD_EP_Stall)
    i.DCD_EP_Tx                              0x0800038c   Section        0  usb_dcd.o(i.DCD_EP_Tx)
    i.DCD_HandleInEP_ISR                     0x080003c4   Section        0  usb_dcd_int.o(i.DCD_HandleInEP_ISR)
    DCD_HandleInEP_ISR                       0x080003c5   Thumb Code   226  usb_dcd_int.o(i.DCD_HandleInEP_ISR)
    i.DCD_HandleOutEP_ISR                    0x080004ac   Section        0  usb_dcd_int.o(i.DCD_HandleOutEP_ISR)
    DCD_HandleOutEP_ISR                      0x080004ad   Thumb Code   180  usb_dcd_int.o(i.DCD_HandleOutEP_ISR)
    i.DCD_HandleRxStatusQueueLevel_ISR       0x08000564   Section        0  usb_dcd_int.o(i.DCD_HandleRxStatusQueueLevel_ISR)
    DCD_HandleRxStatusQueueLevel_ISR         0x08000565   Thumb Code   124  usb_dcd_int.o(i.DCD_HandleRxStatusQueueLevel_ISR)
    i.DCD_HandleUsbReset_ISR                 0x080005e0   Section        0  usb_dcd_int.o(i.DCD_HandleUsbReset_ISR)
    DCD_HandleUsbReset_ISR                   0x080005e1   Thumb Code   128  usb_dcd_int.o(i.DCD_HandleUsbReset_ISR)
    i.DCD_Init                               0x08000664   Section        0  usb_dcd.o(i.DCD_Init)
    i.DCD_WriteEmptyTxFifo                   0x080006ee   Section        0  usb_dcd_int.o(i.DCD_WriteEmptyTxFifo)
    DCD_WriteEmptyTxFifo                     0x080006ef   Thumb Code   122  usb_dcd_int.o(i.DCD_WriteEmptyTxFifo)
    i.DebugMon_Handler                       0x08000768   Section        0  stm32f4xx_it.o(i.DebugMon_Handler)
    i.DelayMs                                0x0800076c   Section        0  main.o(i.DelayMs)
    i.Demo_Exec                              0x08000780   Section        0  main.o(i.Demo_Exec)
    Demo_Exec                                0x08000781   Thumb Code   320  main.o(i.Demo_Exec)
    i.EXTI0_IRQHandler                       0x080008e0   Section        0  stm32f4xx_it.o(i.EXTI0_IRQHandler)
    i.EXTI_ClearITPendingBit                 0x08000904   Section        0  stm32f4xx_exti.o(i.EXTI_ClearITPendingBit)
    i.EXTI_Init                              0x08000910   Section        0  stm32f4xx_exti.o(i.EXTI_Init)
    i.Fail_Handler                           0x08000980   Section        0  main.o(i.Fail_Handler)
    i.GPIO_Init                              0x0800098e   Section        0  stm32f4xx_gpio.o(i.GPIO_Init)
    i.GPIO_PinAFConfig                       0x08000a30   Section        0  stm32f4xx_gpio.o(i.GPIO_PinAFConfig)
    i.GPIO_ReadInputDataBit                  0x08000a50   Section        0  stm32f4xx_gpio.o(i.GPIO_ReadInputDataBit)
    i.GPIO_ResetBits                         0x08000a5e   Section        0  stm32f4xx_gpio.o(i.GPIO_ResetBits)
    i.GPIO_SetBits                           0x08000a62   Section        0  stm32f4xx_gpio.o(i.GPIO_SetBits)
    i.HardFault_Handler                      0x08000a66   Section        0  stm32f4xx_it.o(i.HardFault_Handler)
    i.I2C_AcknowledgeConfig                  0x08000a68   Section        0  stm32f4xx_i2c.o(i.I2C_AcknowledgeConfig)
    i.I2C_CheckEvent                         0x08000a7c   Section        0  stm32f4xx_i2c.o(i.I2C_CheckEvent)
    i.I2C_Cmd                                0x08000a94   Section        0  stm32f4xx_i2c.o(i.I2C_Cmd)
    i.I2C_GenerateSTART                      0x08000aa8   Section        0  stm32f4xx_i2c.o(i.I2C_GenerateSTART)
    i.I2C_GenerateSTOP                       0x08000abc   Section        0  stm32f4xx_i2c.o(i.I2C_GenerateSTOP)
    i.I2C_GetFlagStatus                      0x08000ad0   Section        0  stm32f4xx_i2c.o(i.I2C_GetFlagStatus)
    i.I2C_Init                               0x08000afc   Section        0  stm32f4xx_i2c.o(i.I2C_Init)
    i.I2C_ReceiveData                        0x08000bb0   Section        0  stm32f4xx_i2c.o(i.I2C_ReceiveData)
    i.I2C_Send7bitAddress                    0x08000bb6   Section        0  stm32f4xx_i2c.o(i.I2C_Send7bitAddress)
    i.I2C_SendData                           0x08000bc6   Section        0  stm32f4xx_i2c.o(i.I2C_SendData)
    i.MPU6050_Config                         0x08000bcc   Section        0  main.o(i.MPU6050_Config)
    MPU6050_Config                           0x08000bcd   Thumb Code    80  main.o(i.MPU6050_Config)
    i.MPU6050_Init                           0x08000c24   Section        0  stm32f4_mpu6050.o(i.MPU6050_Init)
    i.MPU6050_MultiRead                      0x08000e28   Section        0  stm32f4_mpu6050.o(i.MPU6050_MultiRead)
    i.MPU6050_Read                           0x08000ef0   Section        0  stm32f4_mpu6050.o(i.MPU6050_Read)
    i.MPU6050_ReadAll                        0x08000f8c   Section        0  stm32f4_mpu6050.o(i.MPU6050_ReadAll)
    i.MPU6050_Start                          0x08000fd8   Section        0  stm32f4_mpu6050.o(i.MPU6050_Start)
    i.MPU6050_Stop                           0x08001084   Section        0  stm32f4_mpu6050.o(i.MPU6050_Stop)
    i.MPU6050_Write                          0x080010d4   Section        0  stm32f4_mpu6050.o(i.MPU6050_Write)
    i.MemManage_Handler                      0x08001140   Section        0  stm32f4xx_it.o(i.MemManage_Handler)
    i.NMI_Handler                            0x08001142   Section        0  stm32f4xx_it.o(i.NMI_Handler)
    i.NVIC_Init                              0x08001144   Section        0  misc.o(i.NVIC_Init)
    i.NVIC_PriorityGroupConfig               0x080011a8   Section        0  misc.o(i.NVIC_PriorityGroupConfig)
    i.OTG_FS_IRQHandler                      0x080011bc   Section        0  stm32f4xx_it.o(i.OTG_FS_IRQHandler)
    i.OTG_FS_WKUP_IRQHandler                 0x080011c8   Section        0  stm32f4xx_it.o(i.OTG_FS_WKUP_IRQHandler)
    i.PendSV_Handler                         0x080011f8   Section        0  stm32f4xx_it.o(i.PendSV_Handler)
    i.Process_Data                           0x080011fc   Section        0  main.o(i.Process_Data)
    i.RCC_AHB1PeriphClockCmd                 0x08001410   Section        0  stm32f4xx_rcc.o(i.RCC_AHB1PeriphClockCmd)
    i.RCC_AHB2PeriphClockCmd                 0x08001428   Section        0  stm32f4xx_rcc.o(i.RCC_AHB2PeriphClockCmd)
    i.RCC_APB1PeriphClockCmd                 0x08001440   Section        0  stm32f4xx_rcc.o(i.RCC_APB1PeriphClockCmd)
    i.RCC_APB1PeriphResetCmd                 0x08001458   Section        0  stm32f4xx_rcc.o(i.RCC_APB1PeriphResetCmd)
    i.RCC_APB2PeriphClockCmd                 0x08001470   Section        0  stm32f4xx_rcc.o(i.RCC_APB2PeriphClockCmd)
    i.RCC_GetClocksFreq                      0x08001488   Section        0  stm32f4xx_rcc.o(i.RCC_GetClocksFreq)
    i.STM_EVAL_LEDInit                       0x08001518   Section        0  stm32f4_discovery.o(i.STM_EVAL_LEDInit)
    i.STM_EVAL_LEDOff                        0x08001560   Section        0  stm32f4_discovery.o(i.STM_EVAL_LEDOff)
    i.STM_EVAL_LEDToggle                     0x08001578   Section        0  stm32f4_discovery.o(i.STM_EVAL_LEDToggle)
    i.STM_EVAL_PBGetState                    0x08001594   Section        0  stm32f4_discovery.o(i.STM_EVAL_PBGetState)
    i.STM_EVAL_PBInit                        0x080015ac   Section        0  stm32f4_discovery.o(i.STM_EVAL_PBInit)
    i.SVC_Handler                            0x08001644   Section        0  stm32f4xx_it.o(i.SVC_Handler)
    i.SYSCFG_EXTILineConfig                  0x08001648   Section        0  stm32f4xx_syscfg.o(i.SYSCFG_EXTILineConfig)
    i.SetSysClock                            0x08001670   Section        0  system_stm32f4xx.o(i.SetSysClock)
    SetSysClock                              0x08001671   Thumb Code   190  system_stm32f4xx.o(i.SetSysClock)
    i.SysTick_Handler                        0x08001748   Section        0  stm32f4xx_it.o(i.SysTick_Handler)
    i.SystemInit                             0x08001780   Section        0  system_stm32f4xx.o(i.SystemInit)
    i.TIM2_IRQHandler                        0x080017d0   Section        0  stm32f4xx_it.o(i.TIM2_IRQHandler)
    i.TIM5_IRQHandler                        0x08001868   Section        0  stm32f4xx_it.o(i.TIM5_IRQHandler)
    i.TIM_ClearITPendingBit                  0x080018a4   Section        0  stm32f4xx_tim.o(i.TIM_ClearITPendingBit)
    i.TIM_Cmd                                0x080018aa   Section        0  stm32f4xx_tim.o(i.TIM_Cmd)
    i.TIM_GetCapture1                        0x080018be   Section        0  stm32f4xx_tim.o(i.TIM_GetCapture1)
    i.TIM_GetCapture2                        0x080018c2   Section        0  stm32f4xx_tim.o(i.TIM_GetCapture2)
    i.TIM_GetCapture3                        0x080018c6   Section        0  stm32f4xx_tim.o(i.TIM_GetCapture3)
    i.TIM_GetITStatus                        0x080018ca   Section        0  stm32f4xx_tim.o(i.TIM_GetITStatus)
    i.TIM_ITConfig                           0x080018e2   Section        0  stm32f4xx_tim.o(i.TIM_ITConfig)
    i.TIM_SetCounter                         0x080018f2   Section        0  stm32f4xx_tim.o(i.TIM_SetCounter)
    i.TIM_TimeBaseInit                       0x080018f8   Section        0  stm32f4xx_tim.o(i.TIM_TimeBaseInit)
    i.TimingDelay_Decrement                  0x08001974   Section        0  main.o(i.TimingDelay_Decrement)
    i.USBD_ClrCfg                            0x08001988   Section        0  usbd_core.o(i.USBD_ClrCfg)
    i.USBD_CtlContinueRx                     0x08001996   Section        0  usbd_ioreq.o(i.USBD_CtlContinueRx)
    i.USBD_CtlContinueSendData               0x080019a8   Section        0  usbd_ioreq.o(i.USBD_CtlContinueSendData)
    i.USBD_CtlError                          0x080019ba   Section        0  usbd_req.o(i.USBD_CtlError)
    i.USBD_CtlReceiveStatus                  0x080019de   Section        0  usbd_ioreq.o(i.USBD_CtlReceiveStatus)
    i.USBD_CtlSendData                       0x08001a00   Section        0  usbd_ioreq.o(i.USBD_CtlSendData)
    i.USBD_CtlSendStatus                     0x08001a20   Section        0  usbd_ioreq.o(i.USBD_CtlSendStatus)
    i.USBD_DataInStage                       0x08001a42   Section        0  usbd_core.o(i.USBD_DataInStage)
    USBD_DataInStage                         0x08001a43   Thumb Code   150  usbd_core.o(i.USBD_DataInStage)
    i.USBD_DataOutStage                      0x08001ad8   Section        0  usbd_core.o(i.USBD_DataOutStage)
    USBD_DataOutStage                        0x08001ad9   Thumb Code   120  usbd_core.o(i.USBD_DataOutStage)
    i.USBD_GetDescriptor                     0x08001b50   Section        0  usbd_req.o(i.USBD_GetDescriptor)
    USBD_GetDescriptor                       0x08001b51   Thumb Code   210  usbd_req.o(i.USBD_GetDescriptor)
    i.USBD_GetString                         0x08001c22   Section        0  usbd_req.o(i.USBD_GetString)
    i.USBD_HID_DataIn                        0x08001c68   Section        0  usbd_hid_core.o(i.USBD_HID_DataIn)
    USBD_HID_DataIn                          0x08001c69   Thumb Code    12  usbd_hid_core.o(i.USBD_HID_DataIn)
    i.USBD_HID_DeInit                        0x08001c74   Section        0  usbd_hid_core.o(i.USBD_HID_DeInit)
    USBD_HID_DeInit                          0x08001c75   Thumb Code    22  usbd_hid_core.o(i.USBD_HID_DeInit)
    i.USBD_HID_GetCfgDesc                    0x08001c8c   Section        0  usbd_hid_core.o(i.USBD_HID_GetCfgDesc)
    USBD_HID_GetCfgDesc                      0x08001c8d   Thumb Code     8  usbd_hid_core.o(i.USBD_HID_GetCfgDesc)
    i.USBD_HID_GetPos                        0x08001c98   Section        0  stm32f4xx_it.o(i.USBD_HID_GetPos)
    USBD_HID_GetPos                          0x08001c99   Thumb Code    62  stm32f4xx_it.o(i.USBD_HID_GetPos)
    i.USBD_HID_Init                          0x08001ce0   Section        0  usbd_hid_core.o(i.USBD_HID_Init)
    USBD_HID_Init                            0x08001ce1   Thumb Code    30  usbd_hid_core.o(i.USBD_HID_Init)
    i.USBD_HID_SendReport                    0x08001cfe   Section        0  usbd_hid_core.o(i.USBD_HID_SendReport)
    i.USBD_HID_Setup                         0x08001d18   Section        0  usbd_hid_core.o(i.USBD_HID_Setup)
    USBD_HID_Setup                           0x08001d19   Thumb Code   158  usbd_hid_core.o(i.USBD_HID_Setup)
    i.USBD_Init                              0x08001dbc   Section        0  usbd_core.o(i.USBD_Init)
    i.USBD_IsoINIncomplete                   0x08001df2   Section        0  usbd_core.o(i.USBD_IsoINIncomplete)
    USBD_IsoINIncomplete                     0x08001df3   Thumb Code    14  usbd_core.o(i.USBD_IsoINIncomplete)
    i.USBD_IsoOUTIncomplete                  0x08001e00   Section        0  usbd_core.o(i.USBD_IsoOUTIncomplete)
    USBD_IsoOUTIncomplete                    0x08001e01   Thumb Code    14  usbd_core.o(i.USBD_IsoOUTIncomplete)
    i.USBD_OTG_ISR_Handler                   0x08001e10   Section        0  usb_dcd_int.o(i.USBD_OTG_ISR_Handler)
    i.USBD_ParseSetupRequest                 0x08001f90   Section        0  usbd_req.o(i.USBD_ParseSetupRequest)
    i.USBD_Reset                             0x08001fd4   Section        0  usbd_core.o(i.USBD_Reset)
    USBD_Reset                               0x08001fd5   Thumb Code    46  usbd_core.o(i.USBD_Reset)
    i.USBD_Resume                            0x08002002   Section        0  usbd_core.o(i.USBD_Resume)
    USBD_Resume                              0x08002003   Thumb Code    22  usbd_core.o(i.USBD_Resume)
    i.USBD_SOF                               0x08002018   Section        0  usbd_core.o(i.USBD_SOF)
    USBD_SOF                                 0x08002019   Thumb Code    16  usbd_core.o(i.USBD_SOF)
    i.USBD_SetCfg                            0x08002028   Section        0  usbd_core.o(i.USBD_SetCfg)
    i.USBD_SetConfig                         0x08002044   Section        0  usbd_req.o(i.USBD_SetConfig)
    USBD_SetConfig                           0x08002045   Thumb Code   112  usbd_req.o(i.USBD_SetConfig)
    i.USBD_SetFeature                        0x080020b8   Section        0  usbd_req.o(i.USBD_SetFeature)
    USBD_SetFeature                          0x080020b9   Thumb Code   112  usbd_req.o(i.USBD_SetFeature)
    i.USBD_SetupStage                        0x08002128   Section        0  usbd_core.o(i.USBD_SetupStage)
    USBD_SetupStage                          0x08002129   Thumb Code    72  usbd_core.o(i.USBD_SetupStage)
    i.USBD_StdDevReq                         0x08002170   Section        0  usbd_req.o(i.USBD_StdDevReq)
    i.USBD_StdEPReq                          0x08002264   Section        0  usbd_req.o(i.USBD_StdEPReq)
    i.USBD_StdItfReq                         0x08002338   Section        0  usbd_req.o(i.USBD_StdItfReq)
    i.USBD_Suspend                           0x0800236e   Section        0  usbd_core.o(i.USBD_Suspend)
    USBD_Suspend                             0x0800236f   Thumb Code    20  usbd_core.o(i.USBD_Suspend)
    i.USBD_USR_ConfigStrDescriptor           0x08002384   Section        0  usbd_desc.o(i.USBD_USR_ConfigStrDescriptor)
    i.USBD_USR_DeviceConfigured              0x080023a4   Section        0  usbd_usr.o(i.USBD_USR_DeviceConfigured)
    i.USBD_USR_DeviceConnected               0x080023a6   Section        0  usbd_usr.o(i.USBD_USR_DeviceConnected)
    i.USBD_USR_DeviceDescriptor              0x080023a8   Section        0  usbd_desc.o(i.USBD_USR_DeviceDescriptor)
    i.USBD_USR_DeviceDisconnected            0x080023b4   Section        0  usbd_usr.o(i.USBD_USR_DeviceDisconnected)
    i.USBD_USR_DeviceReset                   0x080023b6   Section        0  usbd_usr.o(i.USBD_USR_DeviceReset)
    i.USBD_USR_DeviceResumed                 0x080023b8   Section        0  usbd_usr.o(i.USBD_USR_DeviceResumed)
    i.USBD_USR_DeviceSuspended               0x080023ba   Section        0  usbd_usr.o(i.USBD_USR_DeviceSuspended)
    i.USBD_USR_Init                          0x080023bc   Section        0  usbd_usr.o(i.USBD_USR_Init)
    i.USBD_USR_InterfaceStrDescriptor        0x080023f4   Section        0  usbd_desc.o(i.USBD_USR_InterfaceStrDescriptor)
    i.USBD_USR_LangIDStrDescriptor           0x08002418   Section        0  usbd_desc.o(i.USBD_USR_LangIDStrDescriptor)
    i.USBD_USR_ManufacturerStrDescriptor     0x08002424   Section        0  usbd_desc.o(i.USBD_USR_ManufacturerStrDescriptor)
    i.USBD_USR_ProductStrDescriptor          0x0800244c   Section        0  usbd_desc.o(i.USBD_USR_ProductStrDescriptor)
    i.USBD_USR_SerialStrDescriptor           0x08002490   Section        0  usbd_desc.o(i.USBD_USR_SerialStrDescriptor)
    i.USB_OTG_BSP_EnableInterrupt            0x080024cc   Section        0  usb_bsp.o(i.USB_OTG_BSP_EnableInterrupt)
    i.USB_OTG_BSP_Init                       0x080024f4   Section        0  usb_bsp.o(i.USB_OTG_BSP_Init)
    i.USB_OTG_BSP_mDelay                     0x0800259c   Section        0  usb_bsp.o(i.USB_OTG_BSP_mDelay)
    i.USB_OTG_BSP_uDelay                     0x080025a6   Section        0  usb_bsp.o(i.USB_OTG_BSP_uDelay)
    i.USB_OTG_CoreInit                       0x080025bc   Section        0  usb_core.o(i.USB_OTG_CoreInit)
    i.USB_OTG_CoreInitDev                    0x08002698   Section        0  usb_core.o(i.USB_OTG_CoreInitDev)
    i.USB_OTG_CoreReset                      0x080027c8   Section        0  usb_core.o(i.USB_OTG_CoreReset)
    USB_OTG_CoreReset                        0x080027c9   Thumb Code    84  usb_core.o(i.USB_OTG_CoreReset)
    i.USB_OTG_DisableGlobalInt               0x08002820   Section        0  usb_core.o(i.USB_OTG_DisableGlobalInt)
    i.USB_OTG_EP0Activate                    0x08002830   Section        0  usb_core.o(i.USB_OTG_EP0Activate)
    i.USB_OTG_EP0StartXfer                   0x0800286c   Section        0  usb_core.o(i.USB_OTG_EP0StartXfer)
    i.USB_OTG_EP0_OutStart                   0x08002924   Section        0  usb_core.o(i.USB_OTG_EP0_OutStart)
    i.USB_OTG_EPActivate                     0x08002948   Section        0  usb_core.o(i.USB_OTG_EPActivate)
    i.USB_OTG_EPClearStall                   0x0800299a   Section        0  usb_core.o(i.USB_OTG_EPClearStall)
    i.USB_OTG_EPDeactivate                   0x080029cc   Section        0  usb_core.o(i.USB_OTG_EPDeactivate)
    i.USB_OTG_EPSetStall                     0x08002a00   Section        0  usb_core.o(i.USB_OTG_EPSetStall)
    i.USB_OTG_EPStartXfer                    0x08002a30   Section        0  usb_core.o(i.USB_OTG_EPStartXfer)
    i.USB_OTG_EnableDevInt                   0x08002b54   Section        0  usb_core.o(i.USB_OTG_EnableDevInt)
    i.USB_OTG_EnableGlobalInt                0x08002b98   Section        0  usb_core.o(i.USB_OTG_EnableGlobalInt)
    i.USB_OTG_FlushRxFifo                    0x08002ba8   Section        0  usb_core.o(i.USB_OTG_FlushRxFifo)
    i.USB_OTG_FlushTxFifo                    0x08002be0   Section        0  usb_core.o(i.USB_OTG_FlushTxFifo)
    i.USB_OTG_GetDeviceSpeed                 0x08002c20   Section        0  usb_core.o(i.USB_OTG_GetDeviceSpeed)
    i.USB_OTG_InitDevSpeed                   0x08002c46   Section        0  usb_core.o(i.USB_OTG_InitDevSpeed)
    i.USB_OTG_IsDeviceMode                   0x08002c52   Section        0  usb_core.o(i.USB_OTG_IsDeviceMode)
    i.USB_OTG_ReadCoreItr                    0x08002c64   Section        0  usb_core.o(i.USB_OTG_ReadCoreItr)
    i.USB_OTG_ReadDevAllInEPItr              0x08002c6e   Section        0  usb_core.o(i.USB_OTG_ReadDevAllInEPItr)
    i.USB_OTG_ReadDevAllOutEp_itr            0x08002c7a   Section        0  usb_core.o(i.USB_OTG_ReadDevAllOutEp_itr)
    i.USB_OTG_ReadDevOutEP_itr               0x08002c86   Section        0  usb_core.o(i.USB_OTG_ReadDevOutEP_itr)
    i.USB_OTG_ReadPacket                     0x08002c96   Section        0  usb_core.o(i.USB_OTG_ReadPacket)
    i.USB_OTG_SelectCore                     0x08002cb8   Section        0  usb_core.o(i.USB_OTG_SelectCore)
    i.USB_OTG_SetCurrentMode                 0x08002d78   Section        0  usb_core.o(i.USB_OTG_SetCurrentMode)
    i.USB_OTG_StopDevice                     0x08002da2   Section        0  usb_core.o(i.USB_OTG_StopDevice)
    i.USB_OTG_UngateClock                    0x08002dec   Section        0  usb_core.o(i.USB_OTG_UngateClock)
    i.USB_OTG_WritePacket                    0x08002e0a   Section        0  usb_core.o(i.USB_OTG_WritePacket)
    i.UsageFault_Handler                     0x08002e32   Section        0  stm32f4xx_it.o(i.UsageFault_Handler)
    i.__0printf$bare                         0x08002e34   Section        0  printfb.o(i.__0printf$bare)
    i.__scatterload_copy                     0x08002e44   Section       14  handlers.o(i.__scatterload_copy)
    i.__scatterload_null                     0x08002e52   Section        2  handlers.o(i.__scatterload_null)
    i.__scatterload_zeroinit                 0x08002e54   Section       14  handlers.o(i.__scatterload_zeroinit)
    i._printf_core                           0x08002e62   Section        0  printfb.o(i._printf_core)
    _printf_core                             0x08002e63   Thumb Code    34  printfb.o(i._printf_core)
    i.fputc                                  0x08002e84   Section        0  printf.o(i.fputc)
    i.main                                   0x08002ea0   Section        0  main.o(i.main)
    .constdata                               0x08002ec4   Section       36  stm32f4_discovery.o(.constdata)
    .constdata                               0x08002ee8   Section       83  main.o(.constdata)
    .constdata                               0x08002f3c   Section       48  stm32f4xx_it.o(.constdata)
    .data                                    0x20000000   Section       20  stm32f4_discovery.o(.data)
    .data                                    0x20000014   Section        8  main.o(.data)
    .data                                    0x2000001c   Section        4  printf.o(.data)
    .data                                    0x20000020   Section        4  stm32f4xx_it.o(.data)
    HID_Buffer                               0x20000020   Data           4  stm32f4xx_it.o(.data)
    .data                                    0x20000024   Section       20  system_stm32f4xx.o(.data)
    .data                                    0x20000038   Section       28  usbd_desc.o(.data)
    .data                                    0x20000054   Section       22  usbd_desc.o(.data)
    .data                                    0x2000006c   Section       28  usbd_usr.o(.data)
    .data                                    0x20000088   Section       16  stm32f4xx_rcc.o(.data)
    APBAHBPrescTable                         0x20000088   Data          16  stm32f4xx_rcc.o(.data)
    .data                                    0x20000098   Section       44  usbd_hid_core.o(.data)
    .data                                    0x200000c4   Section      120  usbd_hid_core.o(.data)
    USBD_HID_AltSet                          0x200000c4   Data           4  usbd_hid_core.o(.data)
    USBD_HID_Protocol                        0x200000c8   Data           4  usbd_hid_core.o(.data)
    USBD_HID_IdleState                       0x200000cc   Data           4  usbd_hid_core.o(.data)
    USBD_HID_CfgDesc                         0x200000d0   Data          34  usbd_hid_core.o(.data)
    HID_MOUSE_ReportDesc                     0x200000f2   Data          74  usbd_hid_core.o(.data)
    .data                                    0x2000013c   Section       44  usbd_core.o(.data)
    .data                                    0x20000168   Section        4  usbd_core.o(.data)
    .data                                    0x2000016c   Section       16  usbd_req.o(.data)
    cfgidx                                   0x2000016c   Data           1  usbd_req.o(.data)
    .data                                    0x2000017c   Section        8  stm32f4_mpu6050.o(.data)
    .bss                                     0x20000184   Section     1676  main.o(.bss)
    .bss                                     0x20000810   Section       64  usbd_req.o(.bss)
    STACK                                    0x20000850   Section     1024  startup_stm32f4xx.o(STACK)

    Global Symbols

    Symbol Name                              Value     Ov Type        Size  Object(Section)

    BuildAttributes$$THM_ISAv4$E$P$D$K$B$S$7EM$VFPi3$EXTD16$VFPS$VFMA$PE$A:L22UL41UL21$X:L11$S22US41US21$IEEE1$IW$USESV6$~STKCKD$USESV7$~SHL$OSPACE$ROPI$EBA8$MICROLIB$REQ8$PRES8$EABIv2 0x00000000   Number         0  anon$$obj.o ABSOLUTE
    __ARM_use_no_argv                        0x00000000   Number         0  main.o ABSOLUTE
    __cpp_initialize__aeabi_                  - Undefined Weak Reference
    __cxa_finalize                            - Undefined Weak Reference
    _clock_init                               - Undefined Weak Reference
    _microlib_exit                            - Undefined Weak Reference
    __Vectors_Size                           0x00000188   Number         0  startup_stm32f4xx.o ABSOLUTE
    __Vectors                                0x08000000   Data           4  startup_stm32f4xx.o(RESET)
    __Vectors_End                            0x08000188   Data           0  startup_stm32f4xx.o(RESET)
    __main                                   0x08000189   Thumb Code     0  entry.o(.ARM.Collect$$$$00000000)
    _main_stk                                0x08000189   Thumb Code     0  entry2.o(.ARM.Collect$$$$00000001)
    _main_scatterload                        0x0800018d   Thumb Code     0  entry5.o(.ARM.Collect$$$$00000004)
    __main_after_scatterload                 0x08000191   Thumb Code     0  entry5.o(.ARM.Collect$$$$00000004)
    _main_clock                              0x08000191   Thumb Code     0  entry7b.o(.ARM.Collect$$$$00000008)
    _main_cpp_init                           0x08000191   Thumb Code     0  entry8b.o(.ARM.Collect$$$$0000000A)
    _main_init                               0x08000191   Thumb Code     0  entry9a.o(.ARM.Collect$$$$0000000B)
    __rt_final_cpp                           0x08000199   Thumb Code     0  entry10a.o(.ARM.Collect$$$$0000000D)
    __rt_final_exit                          0x08000199   Thumb Code     0  entry11a.o(.ARM.Collect$$$$0000000F)
    Reset_Handler                            0x0800019d   Thumb Code     8  startup_stm32f4xx.o(.text)
    ADC_IRQHandler                           0x080001b7   Thumb Code     0  startup_stm32f4xx.o(.text)
    CAN1_RX0_IRQHandler                      0x080001b7   Thumb Code     0  startup_stm32f4xx.o(.text)
    CAN1_RX1_IRQHandler                      0x080001b7   Thumb Code     0  startup_stm32f4xx.o(.text)
    CAN1_SCE_IRQHandler                      0x080001b7   Thumb Code     0  startup_stm32f4xx.o(.text)
    CAN1_TX_IRQHandler                       0x080001b7   Thumb Code     0  startup_stm32f4xx.o(.text)
    CAN2_RX0_IRQHandler                      0x080001b7   Thumb Code     0  startup_stm32f4xx.o(.text)
    CAN2_RX1_IRQHandler                      0x080001b7   Thumb Code     0  startup_stm32f4xx.o(.text)
    CAN2_SCE_IRQHandler                      0x080001b7   Thumb Code     0  startup_stm32f4xx.o(.text)
    CAN2_TX_IRQHandler                       0x080001b7   Thumb Code     0  startup_stm32f4xx.o(.text)
    CRYP_IRQHandler                          0x080001b7   Thumb Code     0  startup_stm32f4xx.o(.text)
    DCMI_IRQHandler                          0x080001b7   Thumb Code     0  startup_stm32f4xx.o(.text)
    DMA1_Stream0_IRQHandler                  0x080001b7   Thumb Code     0  startup_stm32f4xx.o(.text)
    DMA1_Stream1_IRQHandler                  0x080001b7   Thumb Code     0  startup_stm32f4xx.o(.text)
    DMA1_Stream2_IRQHandler                  0x080001b7   Thumb Code     0  startup_stm32f4xx.o(.text)
    DMA1_Stream3_IRQHandler                  0x080001b7   Thumb Code     0  startup_stm32f4xx.o(.text)
    DMA1_Stream4_IRQHandler                  0x080001b7   Thumb Code     0  startup_stm32f4xx.o(.text)
    DMA1_Stream5_IRQHandler                  0x080001b7   Thumb Code     0  startup_stm32f4xx.o(.text)
    DMA1_Stream6_IRQHandler                  0x080001b7   Thumb Code     0  startup_stm32f4xx.o(.text)
    DMA1_Stream7_IRQHandler                  0x080001b7   Thumb Code     0  startup_stm32f4xx.o(.text)
    DMA2_Stream0_IRQHandler                  0x080001b7   Thumb Code     0  startup_stm32f4xx.o(.text)
    DMA2_Stream1_IRQHandler                  0x080001b7   Thumb Code     0  startup_stm32f4xx.o(.text)
    DMA2_Stream2_IRQHandler                  0x080001b7   Thumb Code     0  startup_stm32f4xx.o(.text)
    DMA2_Stream3_IRQHandler                  0x080001b7   Thumb Code     0  startup_stm32f4xx.o(.text)
    DMA2_Stream4_IRQHandler                  0x080001b7   Thumb Code     0  startup_stm32f4xx.o(.text)
    DMA2_Stream5_IRQHandler                  0x080001b7   Thumb Code     0  startup_stm32f4xx.o(.text)
    DMA2_Stream6_IRQHandler                  0x080001b7   Thumb Code     0  startup_stm32f4xx.o(.text)
    DMA2_Stream7_IRQHandler                  0x080001b7   Thumb Code     0  startup_stm32f4xx.o(.text)
    ETH_IRQHandler                           0x080001b7   Thumb Code     0  startup_stm32f4xx.o(.text)
    ETH_WKUP_IRQHandler                      0x080001b7   Thumb Code     0  startup_stm32f4xx.o(.text)
    EXTI15_10_IRQHandler                     0x080001b7   Thumb Code     0  startup_stm32f4xx.o(.text)
    EXTI1_IRQHandler                         0x080001b7   Thumb Code     0  startup_stm32f4xx.o(.text)
    EXTI2_IRQHandler                         0x080001b7   Thumb Code     0  startup_stm32f4xx.o(.text)
    EXTI3_IRQHandler                         0x080001b7   Thumb Code     0  startup_stm32f4xx.o(.text)
    EXTI4_IRQHandler                         0x080001b7   Thumb Code     0  startup_stm32f4xx.o(.text)
    EXTI9_5_IRQHandler                       0x080001b7   Thumb Code     0  startup_stm32f4xx.o(.text)
    FLASH_IRQHandler                         0x080001b7   Thumb Code     0  startup_stm32f4xx.o(.text)
    FPU_IRQHandler                           0x080001b7   Thumb Code     0  startup_stm32f4xx.o(.text)
    FSMC_IRQHandler                          0x080001b7   Thumb Code     0  startup_stm32f4xx.o(.text)
    HASH_RNG_IRQHandler                      0x080001b7   Thumb Code     0  startup_stm32f4xx.o(.text)
    I2C1_ER_IRQHandler                       0x080001b7   Thumb Code     0  startup_stm32f4xx.o(.text)
    I2C1_EV_IRQHandler                       0x080001b7   Thumb Code     0  startup_stm32f4xx.o(.text)
    I2C2_ER_IRQHandler                       0x080001b7   Thumb Code     0  startup_stm32f4xx.o(.text)
    I2C2_EV_IRQHandler                       0x080001b7   Thumb Code     0  startup_stm32f4xx.o(.text)
    I2C3_ER_IRQHandler                       0x080001b7   Thumb Code     0  startup_stm32f4xx.o(.text)
    I2C3_EV_IRQHandler                       0x080001b7   Thumb Code     0  startup_stm32f4xx.o(.text)
    OTG_HS_EP1_IN_IRQHandler                 0x080001b7   Thumb Code     0  startup_stm32f4xx.o(.text)
    OTG_HS_EP1_OUT_IRQHandler                0x080001b7   Thumb Code     0  startup_stm32f4xx.o(.text)
    OTG_HS_IRQHandler                        0x080001b7   Thumb Code     0  startup_stm32f4xx.o(.text)
    OTG_HS_WKUP_IRQHandler                   0x080001b7   Thumb Code     0  startup_stm32f4xx.o(.text)
    PVD_IRQHandler                           0x080001b7   Thumb Code     0  startup_stm32f4xx.o(.text)
    RCC_IRQHandler                           0x080001b7   Thumb Code     0  startup_stm32f4xx.o(.text)
    RTC_Alarm_IRQHandler                     0x080001b7   Thumb Code     0  startup_stm32f4xx.o(.text)
    RTC_WKUP_IRQHandler                      0x080001b7   Thumb Code     0  startup_stm32f4xx.o(.text)
    SDIO_IRQHandler                          0x080001b7   Thumb Code     0  startup_stm32f4xx.o(.text)
    SPI1_IRQHandler                          0x080001b7   Thumb Code     0  startup_stm32f4xx.o(.text)
    SPI2_IRQHandler                          0x080001b7   Thumb Code     0  startup_stm32f4xx.o(.text)
    SPI3_IRQHandler                          0x080001b7   Thumb Code     0  startup_stm32f4xx.o(.text)
    TAMP_STAMP_IRQHandler                    0x080001b7   Thumb Code     0  startup_stm32f4xx.o(.text)
    TIM1_BRK_TIM9_IRQHandler                 0x080001b7   Thumb Code     0  startup_stm32f4xx.o(.text)
    TIM1_CC_IRQHandler                       0x080001b7   Thumb Code     0  startup_stm32f4xx.o(.text)
    TIM1_TRG_COM_TIM11_IRQHandler            0x080001b7   Thumb Code     0  startup_stm32f4xx.o(.text)
    TIM1_UP_TIM10_IRQHandler                 0x080001b7   Thumb Code     0  startup_stm32f4xx.o(.text)
    TIM3_IRQHandler                          0x080001b7   Thumb Code     0  startup_stm32f4xx.o(.text)
    TIM4_IRQHandler                          0x080001b7   Thumb Code     0  startup_stm32f4xx.o(.text)
    TIM6_DAC_IRQHandler                      0x080001b7   Thumb Code     0  startup_stm32f4xx.o(.text)
    TIM7_IRQHandler                          0x080001b7   Thumb Code     0  startup_stm32f4xx.o(.text)
    TIM8_BRK_TIM12_IRQHandler                0x080001b7   Thumb Code     0  startup_stm32f4xx.o(.text)
    TIM8_CC_IRQHandler                       0x080001b7   Thumb Code     0  startup_stm32f4xx.o(.text)
    TIM8_TRG_COM_TIM14_IRQHandler            0x080001b7   Thumb Code     0  startup_stm32f4xx.o(.text)
    TIM8_UP_TIM13_IRQHandler                 0x080001b7   Thumb Code     0  startup_stm32f4xx.o(.text)
    UART4_IRQHandler                         0x080001b7   Thumb Code     0  startup_stm32f4xx.o(.text)
    UART5_IRQHandler                         0x080001b7   Thumb Code     0  startup_stm32f4xx.o(.text)
    USART1_IRQHandler                        0x080001b7   Thumb Code     0  startup_stm32f4xx.o(.text)
    USART2_IRQHandler                        0x080001b7   Thumb Code     0  startup_stm32f4xx.o(.text)
    USART3_IRQHandler                        0x080001b7   Thumb Code     0  startup_stm32f4xx.o(.text)
    USART6_IRQHandler                        0x080001b7   Thumb Code     0  startup_stm32f4xx.o(.text)
    WWDG_IRQHandler                          0x080001b7   Thumb Code     0  startup_stm32f4xx.o(.text)
    __scatterload                            0x080001c1   Thumb Code    28  init.o(.text)
    __scatterload_rt2                        0x080001c1   Thumb Code     0  init.o(.text)
    __decompress                             0x080001e5   Thumb Code     0  __dczerorl2.o(.text)
    __decompress1                            0x080001e5   Thumb Code    92  __dczerorl2.o(.text)
    BusFault_Handler                         0x08000241   Thumb Code     2  stm32f4xx_it.o(i.BusFault_Handler)
    DCD_DevDisconnect                        0x08000243   Thumb Code    16  usb_dcd.o(i.DCD_DevDisconnect)
    DCD_EP_Close                             0x08000253   Thumb Code    44  usb_dcd.o(i.DCD_EP_Close)
    DCD_EP_ClrStall                          0x0800027f   Thumb Code    56  usb_dcd.o(i.DCD_EP_ClrStall)
    DCD_EP_Flush                             0x080002b7   Thumb Code    24  usb_dcd.o(i.DCD_EP_Flush)
    DCD_EP_Open                              0x080002cf   Thumb Code    60  usb_dcd.o(i.DCD_EP_Open)
    DCD_EP_PrepareRx                         0x0800030b   Thumb Code    58  usb_dcd.o(i.DCD_EP_PrepareRx)
    DCD_EP_SetAddress                        0x08000345   Thumb Code    16  usb_dcd.o(i.DCD_EP_SetAddress)
    DCD_EP_Stall                             0x08000355   Thumb Code    56  usb_dcd.o(i.DCD_EP_Stall)
    DCD_EP_Tx                                0x0800038d   Thumb Code    54  usb_dcd.o(i.DCD_EP_Tx)
    DCD_Init                                 0x08000665   Thumb Code   138  usb_dcd.o(i.DCD_Init)
    DebugMon_Handler                         0x08000769   Thumb Code     2  stm32f4xx_it.o(i.DebugMon_Handler)
    DelayMs                                  0x0800076d   Thumb Code    16  main.o(i.DelayMs)
    EXTI0_IRQHandler                         0x080008e1   Thumb Code    26  stm32f4xx_it.o(i.EXTI0_IRQHandler)
    EXTI_ClearITPendingBit                   0x08000905   Thumb Code     6  stm32f4xx_exti.o(i.EXTI_ClearITPendingBit)
    EXTI_Init                                0x08000911   Thumb Code   108  stm32f4xx_exti.o(i.EXTI_Init)
    Fail_Handler                             0x08000981   Thumb Code    14  main.o(i.Fail_Handler)
    GPIO_Init                                0x0800098f   Thumb Code   162  stm32f4xx_gpio.o(i.GPIO_Init)
    GPIO_PinAFConfig                         0x08000a31   Thumb Code    32  stm32f4xx_gpio.o(i.GPIO_PinAFConfig)
    GPIO_ReadInputDataBit                    0x08000a51   Thumb Code    14  stm32f4xx_gpio.o(i.GPIO_ReadInputDataBit)
    GPIO_ResetBits                           0x08000a5f   Thumb Code     4  stm32f4xx_gpio.o(i.GPIO_ResetBits)
    GPIO_SetBits                             0x08000a63   Thumb Code     4  stm32f4xx_gpio.o(i.GPIO_SetBits)
    HardFault_Handler                        0x08000a67   Thumb Code     2  stm32f4xx_it.o(i.HardFault_Handler)
    I2C_AcknowledgeConfig                    0x08000a69   Thumb Code    20  stm32f4xx_i2c.o(i.I2C_AcknowledgeConfig)
    I2C_CheckEvent                           0x08000a7d   Thumb Code    24  stm32f4xx_i2c.o(i.I2C_CheckEvent)
    I2C_Cmd                                  0x08000a95   Thumb Code    20  stm32f4xx_i2c.o(i.I2C_Cmd)
    I2C_GenerateSTART                        0x08000aa9   Thumb Code    20  stm32f4xx_i2c.o(i.I2C_GenerateSTART)
    I2C_GenerateSTOP                         0x08000abd   Thumb Code    20  stm32f4xx_i2c.o(i.I2C_GenerateSTOP)
    I2C_GetFlagStatus                        0x08000ad1   Thumb Code    42  stm32f4xx_i2c.o(i.I2C_GetFlagStatus)
    I2C_Init                                 0x08000afd   Thumb Code   172  stm32f4xx_i2c.o(i.I2C_Init)
    I2C_ReceiveData                          0x08000bb1   Thumb Code     6  stm32f4xx_i2c.o(i.I2C_ReceiveData)
    I2C_Send7bitAddress                      0x08000bb7   Thumb Code    16  stm32f4xx_i2c.o(i.I2C_Send7bitAddress)
    I2C_SendData                             0x08000bc7   Thumb Code     4  stm32f4xx_i2c.o(i.I2C_SendData)
    MPU6050_Init                             0x08000c25   Thumb Code   396  stm32f4_mpu6050.o(i.MPU6050_Init)
    MPU6050_MultiRead                        0x08000e29   Thumb Code   192  stm32f4_mpu6050.o(i.MPU6050_MultiRead)
    MPU6050_Read                             0x08000ef1   Thumb Code   146  stm32f4_mpu6050.o(i.MPU6050_Read)
    MPU6050_ReadAll                          0x08000f8d   Thumb Code    76  stm32f4_mpu6050.o(i.MPU6050_ReadAll)
    MPU6050_Start                            0x08000fd9   Thumb Code   158  stm32f4_mpu6050.o(i.MPU6050_Start)
    MPU6050_Stop                             0x08001085   Thumb Code    74  stm32f4_mpu6050.o(i.MPU6050_Stop)
    MPU6050_Write                            0x080010d5   Thumb Code   104  stm32f4_mpu6050.o(i.MPU6050_Write)
    MemManage_Handler                        0x08001141   Thumb Code     2  stm32f4xx_it.o(i.MemManage_Handler)
    NMI_Handler                              0x08001143   Thumb Code     2  stm32f4xx_it.o(i.NMI_Handler)
    NVIC_Init                                0x08001145   Thumb Code    92  misc.o(i.NVIC_Init)
    NVIC_PriorityGroupConfig                 0x080011a9   Thumb Code    10  misc.o(i.NVIC_PriorityGroupConfig)
    OTG_FS_IRQHandler                        0x080011bd   Thumb Code     6  stm32f4xx_it.o(i.OTG_FS_IRQHandler)
    OTG_FS_WKUP_IRQHandler                   0x080011c9   Thumb Code    40  stm32f4xx_it.o(i.OTG_FS_WKUP_IRQHandler)
    PendSV_Handler                           0x080011f9   Thumb Code     2  stm32f4xx_it.o(i.PendSV_Handler)
    Process_Data                             0x080011fd   Thumb Code   504  main.o(i.Process_Data)
    RCC_AHB1PeriphClockCmd                   0x08001411   Thumb Code    18  stm32f4xx_rcc.o(i.RCC_AHB1PeriphClockCmd)
    RCC_AHB2PeriphClockCmd                   0x08001429   Thumb Code    18  stm32f4xx_rcc.o(i.RCC_AHB2PeriphClockCmd)
    RCC_APB1PeriphClockCmd                   0x08001441   Thumb Code    18  stm32f4xx_rcc.o(i.RCC_APB1PeriphClockCmd)
    RCC_APB1PeriphResetCmd                   0x08001459   Thumb Code    18  stm32f4xx_rcc.o(i.RCC_APB1PeriphResetCmd)
    RCC_APB2PeriphClockCmd                   0x08001471   Thumb Code    18  stm32f4xx_rcc.o(i.RCC_APB2PeriphClockCmd)
    RCC_GetClocksFreq                        0x08001489   Thumb Code   132  stm32f4xx_rcc.o(i.RCC_GetClocksFreq)
    STM_EVAL_LEDInit                         0x08001519   Thumb Code    62  stm32f4_discovery.o(i.STM_EVAL_LEDInit)
    STM_EVAL_LEDOff                          0x08001561   Thumb Code    16  stm32f4_discovery.o(i.STM_EVAL_LEDOff)
    STM_EVAL_LEDToggle                       0x08001579   Thumb Code    20  stm32f4_discovery.o(i.STM_EVAL_LEDToggle)
    STM_EVAL_PBGetState                      0x08001595   Thumb Code    16  stm32f4_discovery.o(i.STM_EVAL_PBGetState)
    STM_EVAL_PBInit                          0x080015ad   Thumb Code   144  stm32f4_discovery.o(i.STM_EVAL_PBInit)
    SVC_Handler                              0x08001645   Thumb Code     2  stm32f4xx_it.o(i.SVC_Handler)
    SYSCFG_EXTILineConfig                    0x08001649   Thumb Code    34  stm32f4xx_syscfg.o(i.SYSCFG_EXTILineConfig)
    SysTick_Handler                          0x08001749   Thumb Code    48  stm32f4xx_it.o(i.SysTick_Handler)
    SystemInit                               0x08001781   Thumb Code    62  system_stm32f4xx.o(i.SystemInit)
    TIM2_IRQHandler                          0x080017d1   Thumb Code   144  stm32f4xx_it.o(i.TIM2_IRQHandler)
    TIM5_IRQHandler                          0x08001869   Thumb Code    52  stm32f4xx_it.o(i.TIM5_IRQHandler)
    TIM_ClearITPendingBit                    0x080018a5   Thumb Code     6  stm32f4xx_tim.o(i.TIM_ClearITPendingBit)
    TIM_Cmd                                  0x080018ab   Thumb Code    20  stm32f4xx_tim.o(i.TIM_Cmd)
    TIM_GetCapture1                          0x080018bf   Thumb Code     4  stm32f4xx_tim.o(i.TIM_GetCapture1)
    TIM_GetCapture2                          0x080018c3   Thumb Code     4  stm32f4xx_tim.o(i.TIM_GetCapture2)
    TIM_GetCapture3                          0x080018c7   Thumb Code     4  stm32f4xx_tim.o(i.TIM_GetCapture3)
    TIM_GetITStatus                          0x080018cb   Thumb Code    24  stm32f4xx_tim.o(i.TIM_GetITStatus)
    TIM_ITConfig                             0x080018e3   Thumb Code    16  stm32f4xx_tim.o(i.TIM_ITConfig)
    TIM_SetCounter                           0x080018f3   Thumb Code     4  stm32f4xx_tim.o(i.TIM_SetCounter)
    TIM_TimeBaseInit                         0x080018f9   Thumb Code    96  stm32f4xx_tim.o(i.TIM_TimeBaseInit)
    TimingDelay_Decrement                    0x08001975   Thumb Code    16  main.o(i.TimingDelay_Decrement)
    USBD_ClrCfg                              0x08001989   Thumb Code    14  usbd_core.o(i.USBD_ClrCfg)
    USBD_CtlContinueRx                       0x08001997   Thumb Code    18  usbd_ioreq.o(i.USBD_CtlContinueRx)
    USBD_CtlContinueSendData                 0x080019a9   Thumb Code    18  usbd_ioreq.o(i.USBD_CtlContinueSendData)
    USBD_CtlError                            0x080019bb   Thumb Code    36  usbd_req.o(i.USBD_CtlError)
    USBD_CtlReceiveStatus                    0x080019df   Thumb Code    34  usbd_ioreq.o(i.USBD_CtlReceiveStatus)
    USBD_CtlSendData                         0x08001a01   Thumb Code    32  usbd_ioreq.o(i.USBD_CtlSendData)
    USBD_CtlSendStatus                       0x08001a21   Thumb Code    34  usbd_ioreq.o(i.USBD_CtlSendStatus)
    USBD_GetString                           0x08001c23   Thumb Code    70  usbd_req.o(i.USBD_GetString)
    USBD_HID_SendReport                      0x08001cff   Thumb Code    24  usbd_hid_core.o(i.USBD_HID_SendReport)
    USBD_Init                                0x08001dbd   Thumb Code    54  usbd_core.o(i.USBD_Init)
    USBD_OTG_ISR_Handler                     0x08001e11   Thumb Code   376  usb_dcd_int.o(i.USBD_OTG_ISR_Handler)
    USBD_ParseSetupRequest                   0x08001f91   Thumb Code    68  usbd_req.o(i.USBD_ParseSetupRequest)
    USBD_SetCfg                              0x08002029   Thumb Code    26  usbd_core.o(i.USBD_SetCfg)
    USBD_StdDevReq                           0x08002171   Thumb Code   238  usbd_req.o(i.USBD_StdDevReq)
    USBD_StdEPReq                            0x08002265   Thumb Code   208  usbd_req.o(i.USBD_StdEPReq)
    USBD_StdItfReq                           0x08002339   Thumb Code    54  usbd_req.o(i.USBD_StdItfReq)
    USBD_USR_ConfigStrDescriptor             0x08002385   Thumb Code    16  usbd_desc.o(i.USBD_USR_ConfigStrDescriptor)
    USBD_USR_DeviceConfigured                0x080023a5   Thumb Code     2  usbd_usr.o(i.USBD_USR_DeviceConfigured)
    USBD_USR_DeviceConnected                 0x080023a7   Thumb Code     2  usbd_usr.o(i.USBD_USR_DeviceConnected)
    USBD_USR_DeviceDescriptor                0x080023a9   Thumb Code     8  usbd_desc.o(i.USBD_USR_DeviceDescriptor)
    USBD_USR_DeviceDisconnected              0x080023b5   Thumb Code     2  usbd_usr.o(i.USBD_USR_DeviceDisconnected)
    USBD_USR_DeviceReset                     0x080023b7   Thumb Code     2  usbd_usr.o(i.USBD_USR_DeviceReset)
    USBD_USR_DeviceResumed                   0x080023b9   Thumb Code     2  usbd_usr.o(i.USBD_USR_DeviceResumed)
    USBD_USR_DeviceSuspended                 0x080023bb   Thumb Code     2  usbd_usr.o(i.USBD_USR_DeviceSuspended)
    USBD_USR_Init                            0x080023bd   Thumb Code    46  usbd_usr.o(i.USBD_USR_Init)
    USBD_USR_InterfaceStrDescriptor          0x080023f5   Thumb Code    16  usbd_desc.o(i.USBD_USR_InterfaceStrDescriptor)
    USBD_USR_LangIDStrDescriptor             0x08002419   Thumb Code     8  usbd_desc.o(i.USBD_USR_LangIDStrDescriptor)
    USBD_USR_ManufacturerStrDescriptor       0x08002425   Thumb Code    16  usbd_desc.o(i.USBD_USR_ManufacturerStrDescriptor)
    USBD_USR_ProductStrDescriptor            0x0800244d   Thumb Code    24  usbd_desc.o(i.USBD_USR_ProductStrDescriptor)
    USBD_USR_SerialStrDescriptor             0x08002491   Thumb Code    24  usbd_desc.o(i.USBD_USR_SerialStrDescriptor)
    USB_OTG_BSP_EnableInterrupt              0x080024cd   Thumb Code    40  usb_bsp.o(i.USB_OTG_BSP_EnableInterrupt)
    USB_OTG_BSP_Init                         0x080024f5   Thumb Code   164  usb_bsp.o(i.USB_OTG_BSP_Init)
    USB_OTG_BSP_mDelay                       0x0800259d   Thumb Code    10  usb_bsp.o(i.USB_OTG_BSP_mDelay)
    USB_OTG_BSP_uDelay                       0x080025a7   Thumb Code    22  usb_bsp.o(i.USB_OTG_BSP_uDelay)
    USB_OTG_CoreInit                         0x080025bd   Thumb Code   218  usb_core.o(i.USB_OTG_CoreInit)
    USB_OTG_CoreInitDev                      0x08002699   Thumb Code   304  usb_core.o(i.USB_OTG_CoreInitDev)
    USB_OTG_DisableGlobalInt                 0x08002821   Thumb Code    16  usb_core.o(i.USB_OTG_DisableGlobalInt)
    USB_OTG_EP0Activate                      0x08002831   Thumb Code    58  usb_core.o(i.USB_OTG_EP0Activate)
    USB_OTG_EP0StartXfer                     0x0800286d   Thumb Code   182  usb_core.o(i.USB_OTG_EP0StartXfer)
    USB_OTG_EP0_OutStart                     0x08002925   Thumb Code    32  usb_core.o(i.USB_OTG_EP0_OutStart)
    USB_OTG_EPActivate                       0x08002949   Thumb Code    82  usb_core.o(i.USB_OTG_EPActivate)
    USB_OTG_EPClearStall                     0x0800299b   Thumb Code    50  usb_core.o(i.USB_OTG_EPClearStall)
    USB_OTG_EPDeactivate                     0x080029cd   Thumb Code    52  usb_core.o(i.USB_OTG_EPDeactivate)
    USB_OTG_EPSetStall                       0x08002a01   Thumb Code    48  usb_core.o(i.USB_OTG_EPSetStall)
    USB_OTG_EPStartXfer                      0x08002a31   Thumb Code   290  usb_core.o(i.USB_OTG_EPStartXfer)
    USB_OTG_EnableDevInt                     0x08002b55   Thumb Code    62  usb_core.o(i.USB_OTG_EnableDevInt)
    USB_OTG_EnableGlobalInt                  0x08002b99   Thumb Code    16  usb_core.o(i.USB_OTG_EnableGlobalInt)
    USB_OTG_FlushRxFifo                      0x08002ba9   Thumb Code    52  usb_core.o(i.USB_OTG_FlushRxFifo)
    USB_OTG_FlushTxFifo                      0x08002be1   Thumb Code    60  usb_core.o(i.USB_OTG_FlushTxFifo)
    USB_OTG_GetDeviceSpeed                   0x08002c21   Thumb Code    38  usb_core.o(i.USB_OTG_GetDeviceSpeed)
    USB_OTG_InitDevSpeed                     0x08002c47   Thumb Code    12  usb_core.o(i.USB_OTG_InitDevSpeed)
    USB_OTG_IsDeviceMode                     0x08002c53   Thumb Code    18  usb_core.o(i.USB_OTG_IsDeviceMode)
    USB_OTG_ReadCoreItr                      0x08002c65   Thumb Code    10  usb_core.o(i.USB_OTG_ReadCoreItr)
    USB_OTG_ReadDevAllInEPItr                0x08002c6f   Thumb Code    12  usb_core.o(i.USB_OTG_ReadDevAllInEPItr)
    USB_OTG_ReadDevAllOutEp_itr              0x08002c7b   Thumb Code    12  usb_core.o(i.USB_OTG_ReadDevAllOutEp_itr)
    USB_OTG_ReadDevOutEP_itr                 0x08002c87   Thumb Code    16  usb_core.o(i.USB_OTG_ReadDevOutEP_itr)
    USB_OTG_ReadPacket                       0x08002c97   Thumb Code    32  usb_core.o(i.USB_OTG_ReadPacket)
    USB_OTG_SelectCore                       0x08002cb9   Thumb Code   188  usb_core.o(i.USB_OTG_SelectCore)
    USB_OTG_SetCurrentMode                   0x08002d79   Thumb Code    42  usb_core.o(i.USB_OTG_SetCurrentMode)
    USB_OTG_StopDevice                       0x08002da3   Thumb Code    74  usb_core.o(i.USB_OTG_StopDevice)
    USB_OTG_UngateClock                      0x08002ded   Thumb Code    30  usb_core.o(i.USB_OTG_UngateClock)
    USB_OTG_WritePacket                      0x08002e0b   Thumb Code    40  usb_core.o(i.USB_OTG_WritePacket)
    UsageFault_Handler                       0x08002e33   Thumb Code     2  stm32f4xx_it.o(i.UsageFault_Handler)
    __0printf$bare                           0x08002e35   Thumb Code     8  printfb.o(i.__0printf$bare)
    __1printf$bare                           0x08002e35   Thumb Code     0  printfb.o(i.__0printf$bare)
    __2printf                                0x08002e35   Thumb Code     0  printfb.o(i.__0printf$bare)
    __scatterload_copy                       0x08002e45   Thumb Code    14  handlers.o(i.__scatterload_copy)
    __scatterload_null                       0x08002e53   Thumb Code     2  handlers.o(i.__scatterload_null)
    __scatterload_zeroinit                   0x08002e55   Thumb Code    14  handlers.o(i.__scatterload_zeroinit)
    fputc                                    0x08002e85   Thumb Code    22  printf.o(i.fputc)
    main                                     0x08002ea1   Thumb Code    18  main.o(i.main)
    BUTTON_PORT_SOURCE                       0x08002ec4   Data           1  stm32f4_discovery.o(.constdata)
    BUTTON_PIN_SOURCE                        0x08002ec5   Data           1  stm32f4_discovery.o(.constdata)
    BUTTON_IRQn                              0x08002ec6   Data           1  stm32f4_discovery.o(.constdata)
    BUTTON_PIN                               0x08002ec8   Data           2  stm32f4_discovery.o(.constdata)
    BUTTON_EXTI_LINE                         0x08002eca   Data           2  stm32f4_discovery.o(.constdata)
    BUTTON_CLK                               0x08002ecc   Data           4  stm32f4_discovery.o(.constdata)
    GPIO_PIN                                 0x08002ed0   Data           8  stm32f4_discovery.o(.constdata)
    GPIO_CLK                                 0x08002ed8   Data          16  stm32f4_discovery.o(.constdata)
    Hall2En                                  0x08002f3c   Data          48  stm32f4xx_it.o(.constdata)
    Region$$Table$$Base                      0x08002f6c   Number         0  anon$$obj.o(Region$$Table)
    Region$$Table$$Limit                     0x08002f8c   Number         0  anon$$obj.o(Region$$Table)
    BUTTON_PORT                              0x20000000   Data           4  stm32f4_discovery.o(.data)
    GPIO_PORT                                0x20000004   Data          16  stm32f4_discovery.o(.data)
    BeginFlag                                0x20000014   Data           1  main.o(.data)
    UserButtonPressed                        0x20000015   Data           1  main.o(.data)
    TimingDelay                              0x20000018   Data           4  main.o(.data)
    __stdout                                 0x2000001c   Data           4  printf.o(.data)
    SystemCoreClock                          0x20000024   Data           4  system_stm32f4xx.o(.data)
    AHBPrescTable                            0x20000028   Data          16  system_stm32f4xx.o(.data)
    USR_desc                                 0x20000038   Data          28  usbd_desc.o(.data)
    USBD_LangIDDesc                          0x20000054   Data           4  usbd_desc.o(.data)
    USBD_DeviceDesc                          0x20000058   Data          18  usbd_desc.o(.data)
    USR_cb                                   0x2000006c   Data          28  usbd_usr.o(.data)
    USBD_HID_cb                              0x20000098   Data          44  usbd_hid_core.o(.data)
    USBD_DCD_INT_cb                          0x2000013c   Data          44  usbd_core.o(.data)
    USBD_DCD_INT_fops                        0x20000168   Data           4  usbd_core.o(.data)
    USBD_ep_status                           0x20000170   Data           4  usbd_req.o(.data)
    USBD_default_cfg                         0x20000174   Data           4  usbd_req.o(.data)
    USBD_cfg_status                          0x20000178   Data           4  usbd_req.o(.data)
    GPIO_I2C_InitStruct                      0x2000017c   Data           8  stm32f4_mpu6050.o(.data)
    MPU6050_Data_FIFO                        0x20000184   Data          72  main.o(.bss)
    Velocity_Data_FIFO                       0x200001cc   Data          36  main.o(.bss)
    Rotation_Data                            0x200001f0   Data          12  main.o(.bss)
    Displacement_Data                        0x200001fc   Data          12  main.o(.bss)
    USB_OTG_dev                              0x20000208   Data        1520  main.o(.bss)
    MPU6050_Offset                           0x200007f8   Data          12  main.o(.bss)
    MPU6050_Device_0_Data                    0x20000804   Data          12  main.o(.bss)
    USBD_StrDesc                             0x20000810   Data          64  usbd_req.o(.bss)
    __initial_sp                             0x20000c50   Data           0  startup_stm32f4xx.o(STACK)



==============================================================================

Memory Map of the image

  Image Entry point : 0x08000189

  Load Region LR_IROM1 (Base: 0x08000000, Size: 0x00003110, Max: 0x00100000, ABSOLUTE, COMPRESSED[0x0000308c])

    Execution Region ER_IROM1 (Base: 0x08000000, Size: 0x00002f8c, Max: 0x00100000, ABSOLUTE)

    Base Addr    Size         Type   Attr      Idx    E Section Name        Object

    0x08000000   0x00000188   Data   RO            3    RESET               startup_stm32f4xx.o
    0x08000188   0x00000000   Code   RO         5273  * .ARM.Collect$$$$00000000  mc_w.l(entry.o)
    0x08000188   0x00000004   Code   RO         5536    .ARM.Collect$$$$00000001  mc_w.l(entry2.o)
    0x0800018c   0x00000004   Code   RO         5539    .ARM.Collect$$$$00000004  mc_w.l(entry5.o)
    0x08000190   0x00000000   Code   RO         5541    .ARM.Collect$$$$00000008  mc_w.l(entry7b.o)
    0x08000190   0x00000000   Code   RO         5543    .ARM.Collect$$$$0000000A  mc_w.l(entry8b.o)
    0x08000190   0x00000008   Code   RO         5544    .ARM.Collect$$$$0000000B  mc_w.l(entry9a.o)
    0x08000198   0x00000000   Code   RO         5546    .ARM.Collect$$$$0000000D  mc_w.l(entry10a.o)
    0x08000198   0x00000000   Code   RO         5548    .ARM.Collect$$$$0000000F  mc_w.l(entry11a.o)
    0x08000198   0x00000004   Code   RO         5537    .ARM.Collect$$$$00002712  mc_w.l(entry2.o)
    0x0800019c   0x00000024   Code   RO            4    .text               startup_stm32f4xx.o
    0x080001c0   0x00000024   Code   RO         5565    .text               mc_w.l(init.o)
    0x080001e4   0x0000005c   Code   RO         5583    .text               mc_w.l(__dczerorl2.o)
    0x08000240   0x00000002   Code   RO          334    i.BusFault_Handler  stm32f4xx_it.o
    0x08000242   0x00000010   Code   RO         5065    i.DCD_DevDisconnect  usb_dcd.o
    0x08000252   0x0000002c   Code   RO         5066    i.DCD_EP_Close      usb_dcd.o
    0x0800027e   0x00000038   Code   RO         5067    i.DCD_EP_ClrStall   usb_dcd.o
    0x080002b6   0x00000018   Code   RO         5068    i.DCD_EP_Flush      usb_dcd.o
    0x080002ce   0x0000003c   Code   RO         5069    i.DCD_EP_Open       usb_dcd.o
    0x0800030a   0x0000003a   Code   RO         5070    i.DCD_EP_PrepareRx  usb_dcd.o
    0x08000344   0x00000010   Code   RO         5071    i.DCD_EP_SetAddress  usb_dcd.o
    0x08000354   0x00000038   Code   RO         5072    i.DCD_EP_Stall      usb_dcd.o
    0x0800038c   0x00000036   Code   RO         5073    i.DCD_EP_Tx         usb_dcd.o
    0x080003c2   0x00000002   PAD
    0x080003c4   0x000000e8   Code   RO         5152    i.DCD_HandleInEP_ISR  usb_dcd_int.o
    0x080004ac   0x000000b8   Code   RO         5153    i.DCD_HandleOutEP_ISR  usb_dcd_int.o
    0x08000564   0x0000007c   Code   RO         5154    i.DCD_HandleRxStatusQueueLevel_ISR  usb_dcd_int.o
    0x080005e0   0x00000084   Code   RO         5155    i.DCD_HandleUsbReset_ISR  usb_dcd_int.o
    0x08000664   0x0000008a   Code   RO         5075    i.DCD_Init          usb_dcd.o
    0x080006ee   0x0000007a   Code   RO         5156    i.DCD_WriteEmptyTxFifo  usb_dcd_int.o
    0x08000768   0x00000002   Code   RO          335    i.DebugMon_Handler  stm32f4xx_it.o
    0x0800076a   0x00000002   PAD
    0x0800076c   0x00000014   Code   RO          170    i.DelayMs           main.o
    0x08000780   0x00000160   Code   RO          171    i.Demo_Exec         main.o
    0x080008e0   0x00000024   Code   RO          336    i.EXTI0_IRQHandler  stm32f4xx_it.o
    0x08000904   0x0000000c   Code   RO         1714    i.EXTI_ClearITPendingBit  stm32f4xx_exti.o
    0x08000910   0x00000070   Code   RO         1719    i.EXTI_Init         stm32f4xx_exti.o
    0x08000980   0x0000000e   Code   RO          172    i.Fail_Handler      main.o
    0x0800098e   0x000000a2   Code   RO         2095    i.GPIO_Init         stm32f4xx_gpio.o
    0x08000a30   0x00000020   Code   RO         2096    i.GPIO_PinAFConfig  stm32f4xx_gpio.o
    0x08000a50   0x0000000e   Code   RO         2099    i.GPIO_ReadInputDataBit  stm32f4xx_gpio.o
    0x08000a5e   0x00000004   Code   RO         2102    i.GPIO_ResetBits    stm32f4xx_gpio.o
    0x08000a62   0x00000004   Code   RO         2103    i.GPIO_SetBits      stm32f4xx_gpio.o
    0x08000a66   0x00000002   Code   RO          337    i.HardFault_Handler  stm32f4xx_it.o
    0x08000a68   0x00000014   Code   RO         2351    i.I2C_AcknowledgeConfig  stm32f4xx_i2c.o
    0x08000a7c   0x00000018   Code   RO         2353    i.I2C_CheckEvent    stm32f4xx_i2c.o
    0x08000a94   0x00000014   Code   RO         2356    i.I2C_Cmd           stm32f4xx_i2c.o
    0x08000aa8   0x00000014   Code   RO         2363    i.I2C_GenerateSTART  stm32f4xx_i2c.o
    0x08000abc   0x00000014   Code   RO         2364    i.I2C_GenerateSTOP  stm32f4xx_i2c.o
    0x08000ad0   0x0000002a   Code   RO         2365    i.I2C_GetFlagStatus  stm32f4xx_i2c.o
    0x08000afa   0x00000002   PAD
    0x08000afc   0x000000b4   Code   RO         2370    i.I2C_Init          stm32f4xx_i2c.o
    0x08000bb0   0x00000006   Code   RO         2375    i.I2C_ReceiveData   stm32f4xx_i2c.o
    0x08000bb6   0x00000010   Code   RO         2377    i.I2C_Send7bitAddress  stm32f4xx_i2c.o
    0x08000bc6   0x00000004   Code   RO         2378    i.I2C_SendData      stm32f4xx_i2c.o
    0x08000bca   0x00000002   PAD
    0x08000bcc   0x00000058   Code   RO          173    i.MPU6050_Config    main.o
    0x08000c24   0x00000204   Code   RO         5198    i.MPU6050_Init      stm32f4_mpu6050.o
    0x08000e28   0x000000c8   Code   RO         5199    i.MPU6050_MultiRead  stm32f4_mpu6050.o
    0x08000ef0   0x0000009c   Code   RO         5200    i.MPU6050_Read      stm32f4_mpu6050.o
    0x08000f8c   0x0000004c   Code   RO         5202    i.MPU6050_ReadAll   stm32f4_mpu6050.o
    0x08000fd8   0x000000ac   Code   RO         5204    i.MPU6050_Start     stm32f4_mpu6050.o
    0x08001084   0x00000050   Code   RO         5205    i.MPU6050_Stop      stm32f4_mpu6050.o
    0x080010d4   0x0000006c   Code   RO         5206    i.MPU6050_Write     stm32f4_mpu6050.o
    0x08001140   0x00000002   Code   RO          338    i.MemManage_Handler  stm32f4xx_it.o
    0x08001142   0x00000002   Code   RO          339    i.NMI_Handler       stm32f4xx_it.o
    0x08001144   0x00000064   Code   RO          643    i.NVIC_Init         misc.o
    0x080011a8   0x00000014   Code   RO          644    i.NVIC_PriorityGroupConfig  misc.o
    0x080011bc   0x0000000c   Code   RO          340    i.OTG_FS_IRQHandler  stm32f4xx_it.o
    0x080011c8   0x00000030   Code   RO          341    i.OTG_FS_WKUP_IRQHandler  stm32f4xx_it.o
    0x080011f8   0x00000002   Code   RO          342    i.PendSV_Handler    stm32f4xx_it.o
    0x080011fa   0x00000002   PAD
    0x080011fc   0x00000214   Code   RO          174    i.Process_Data      main.o
    0x08001410   0x00000018   Code   RO         2695    i.RCC_AHB1PeriphClockCmd  stm32f4xx_rcc.o
    0x08001428   0x00000018   Code   RO         2698    i.RCC_AHB2PeriphClockCmd  stm32f4xx_rcc.o
    0x08001440   0x00000018   Code   RO         2704    i.RCC_APB1PeriphClockCmd  stm32f4xx_rcc.o
    0x08001458   0x00000018   Code   RO         2706    i.RCC_APB1PeriphResetCmd  stm32f4xx_rcc.o
    0x08001470   0x00000018   Code   RO         2707    i.RCC_APB2PeriphClockCmd  stm32f4xx_rcc.o
    0x08001488   0x00000090   Code   RO         2716    i.RCC_GetClocksFreq  stm32f4xx_rcc.o
    0x08001518   0x00000048   Code   RO           11    i.STM_EVAL_LEDInit  stm32f4_discovery.o
    0x08001560   0x00000018   Code   RO           12    i.STM_EVAL_LEDOff   stm32f4_discovery.o
    0x08001578   0x0000001c   Code   RO           14    i.STM_EVAL_LEDToggle  stm32f4_discovery.o
    0x08001594   0x00000018   Code   RO           15    i.STM_EVAL_PBGetState  stm32f4_discovery.o
    0x080015ac   0x00000098   Code   RO           16    i.STM_EVAL_PBInit   stm32f4_discovery.o
    0x08001644   0x00000002   Code   RO          343    i.SVC_Handler       stm32f4xx_it.o
    0x08001646   0x00000002   PAD
    0x08001648   0x00000028   Code   RO         3747    i.SYSCFG_EXTILineConfig  stm32f4xx_syscfg.o
    0x08001670   0x000000d8   Code   RO          444    i.SetSysClock       system_stm32f4xx.o
    0x08001748   0x00000038   Code   RO          344    i.SysTick_Handler   stm32f4xx_it.o
    0x08001780   0x00000050   Code   RO          446    i.SystemInit        system_stm32f4xx.o
    0x080017d0   0x00000098   Code   RO          345    i.TIM2_IRQHandler   stm32f4xx_it.o
    0x08001868   0x0000003c   Code   RO          346    i.TIM5_IRQHandler   stm32f4xx_it.o
    0x080018a4   0x00000006   Code   RO         3802    i.TIM_ClearITPendingBit  stm32f4xx_tim.o
    0x080018aa   0x00000014   Code   RO         3807    i.TIM_Cmd           stm32f4xx_tim.o
    0x080018be   0x00000004   Code   RO         3822    i.TIM_GetCapture1   stm32f4xx_tim.o
    0x080018c2   0x00000004   Code   RO         3823    i.TIM_GetCapture2   stm32f4xx_tim.o
    0x080018c6   0x00000004   Code   RO         3824    i.TIM_GetCapture3   stm32f4xx_tim.o
    0x080018ca   0x00000018   Code   RO         3828    i.TIM_GetITStatus   stm32f4xx_tim.o
    0x080018e2   0x00000010   Code   RO         3832    i.TIM_ITConfig      stm32f4xx_tim.o
    0x080018f2   0x00000004   Code   RO         3873    i.TIM_SetCounter    stm32f4xx_tim.o
    0x080018f6   0x00000002   PAD
    0x080018f8   0x0000007c   Code   RO         3879    i.TIM_TimeBaseInit  stm32f4xx_tim.o
    0x08001974   0x00000014   Code   RO          175    i.TimingDelay_Decrement  main.o
    0x08001988   0x0000000e   Code   RO         4639    i.USBD_ClrCfg       usbd_core.o
    0x08001996   0x00000012   Code   RO         4725    i.USBD_CtlContinueRx  usbd_ioreq.o
    0x080019a8   0x00000012   Code   RO         4726    i.USBD_CtlContinueSendData  usbd_ioreq.o
    0x080019ba   0x00000024   Code   RO         4777    i.USBD_CtlError     usbd_req.o
    0x080019de   0x00000022   Code   RO         4728    i.USBD_CtlReceiveStatus  usbd_ioreq.o
    0x08001a00   0x00000020   Code   RO         4729    i.USBD_CtlSendData  usbd_ioreq.o
    0x08001a20   0x00000022   Code   RO         4730    i.USBD_CtlSendStatus  usbd_ioreq.o
    0x08001a42   0x00000096   Code   RO         4640    i.USBD_DataInStage  usbd_core.o
    0x08001ad8   0x00000078   Code   RO         4641    i.USBD_DataOutStage  usbd_core.o
    0x08001b50   0x000000d2   Code   RO         4778    i.USBD_GetDescriptor  usbd_req.o
    0x08001c22   0x00000046   Code   RO         4779    i.USBD_GetString    usbd_req.o
    0x08001c68   0x0000000c   Code   RO         4587    i.USBD_HID_DataIn   usbd_hid_core.o
    0x08001c74   0x00000016   Code   RO         4588    i.USBD_HID_DeInit   usbd_hid_core.o
    0x08001c8a   0x00000002   PAD
    0x08001c8c   0x0000000c   Code   RO         4589    i.USBD_HID_GetCfgDesc  usbd_hid_core.o
    0x08001c98   0x00000048   Code   RO          347    i.USBD_HID_GetPos   stm32f4xx_it.o
    0x08001ce0   0x0000001e   Code   RO         4590    i.USBD_HID_Init     usbd_hid_core.o
    0x08001cfe   0x00000018   Code   RO         4591    i.USBD_HID_SendReport  usbd_hid_core.o
    0x08001d16   0x00000002   PAD
    0x08001d18   0x000000a4   Code   RO         4592    i.USBD_HID_Setup    usbd_hid_core.o
    0x08001dbc   0x00000036   Code   RO         4643    i.USBD_Init         usbd_core.o
    0x08001df2   0x0000000e   Code   RO         4644    i.USBD_IsoINIncomplete  usbd_core.o
    0x08001e00   0x0000000e   Code   RO         4645    i.USBD_IsoOUTIncomplete  usbd_core.o
    0x08001e0e   0x00000002   PAD
    0x08001e10   0x00000180   Code   RO         5157    i.USBD_OTG_ISR_Handler  usb_dcd_int.o
    0x08001f90   0x00000044   Code   RO         4780    i.USBD_ParseSetupRequest  usbd_req.o
    0x08001fd4   0x0000002e   Code   RO         4646    i.USBD_Reset        usbd_core.o
    0x08002002   0x00000016   Code   RO         4647    i.USBD_Resume       usbd_core.o
    0x08002018   0x00000010   Code   RO         4648    i.USBD_SOF          usbd_core.o
    0x08002028   0x0000001a   Code   RO         4649    i.USBD_SetCfg       usbd_core.o
    0x08002042   0x00000002   PAD
    0x08002044   0x00000074   Code   RO         4781    i.USBD_SetConfig    usbd_req.o
    0x080020b8   0x00000070   Code   RO         4782    i.USBD_SetFeature   usbd_req.o
    0x08002128   0x00000048   Code   RO         4650    i.USBD_SetupStage   usbd_core.o
    0x08002170   0x000000f4   Code   RO         4783    i.USBD_StdDevReq    usbd_req.o
    0x08002264   0x000000d4   Code   RO         4784    i.USBD_StdEPReq     usbd_req.o
    0x08002338   0x00000036   Code   RO         4785    i.USBD_StdItfReq    usbd_req.o
    0x0800236e   0x00000014   Code   RO         4651    i.USBD_Suspend      usbd_core.o
    0x08002382   0x00000002   PAD
    0x08002384   0x00000020   Code   RO          517    i.USBD_USR_ConfigStrDescriptor  usbd_desc.o
    0x080023a4   0x00000002   Code   RO          584    i.USBD_USR_DeviceConfigured  usbd_usr.o
    0x080023a6   0x00000002   Code   RO          585    i.USBD_USR_DeviceConnected  usbd_usr.o
    0x080023a8   0x0000000c   Code   RO          518    i.USBD_USR_DeviceDescriptor  usbd_desc.o
    0x080023b4   0x00000002   Code   RO          586    i.USBD_USR_DeviceDisconnected  usbd_usr.o
    0x080023b6   0x00000002   Code   RO          587    i.USBD_USR_DeviceReset  usbd_usr.o
    0x080023b8   0x00000002   Code   RO          588    i.USBD_USR_DeviceResumed  usbd_usr.o
    0x080023ba   0x00000002   Code   RO          589    i.USBD_USR_DeviceSuspended  usbd_usr.o
    0x080023bc   0x00000038   Code   RO          590    i.USBD_USR_Init     usbd_usr.o
    0x080023f4   0x00000024   Code   RO          519    i.USBD_USR_InterfaceStrDescriptor  usbd_desc.o
    0x08002418   0x0000000c   Code   RO          520    i.USBD_USR_LangIDStrDescriptor  usbd_desc.o
    0x08002424   0x00000028   Code   RO          521    i.USBD_USR_ManufacturerStrDescriptor  usbd_desc.o
    0x0800244c   0x00000044   Code   RO          522    i.USBD_USR_ProductStrDescriptor  usbd_desc.o
    0x08002490   0x0000003c   Code   RO          523    i.USBD_USR_SerialStrDescriptor  usbd_desc.o
    0x080024cc   0x00000028   Code   RO          477    i.USB_OTG_BSP_EnableInterrupt  usb_bsp.o
    0x080024f4   0x000000a8   Code   RO          478    i.USB_OTG_BSP_Init  usb_bsp.o
    0x0800259c   0x0000000a   Code   RO          479    i.USB_OTG_BSP_mDelay  usb_bsp.o
    0x080025a6   0x00000016   Code   RO          480    i.USB_OTG_BSP_uDelay  usb_bsp.o
    0x080025bc   0x000000da   Code   RO         4847    i.USB_OTG_CoreInit  usb_core.o
    0x08002696   0x00000002   PAD
    0x08002698   0x00000130   Code   RO         4848    i.USB_OTG_CoreInitDev  usb_core.o
    0x080027c8   0x00000058   Code   RO         4849    i.USB_OTG_CoreReset  usb_core.o
    0x08002820   0x00000010   Code   RO         4850    i.USB_OTG_DisableGlobalInt  usb_core.o
    0x08002830   0x0000003a   Code   RO         4851    i.USB_OTG_EP0Activate  usb_core.o
    0x0800286a   0x00000002   PAD
    0x0800286c   0x000000b6   Code   RO         4852    i.USB_OTG_EP0StartXfer  usb_core.o
    0x08002922   0x00000002   PAD
    0x08002924   0x00000024   Code   RO         4853    i.USB_OTG_EP0_OutStart  usb_core.o
    0x08002948   0x00000052   Code   RO         4854    i.USB_OTG_EPActivate  usb_core.o
    0x0800299a   0x00000032   Code   RO         4855    i.USB_OTG_EPClearStall  usb_core.o
    0x080029cc   0x00000034   Code   RO         4856    i.USB_OTG_EPDeactivate  usb_core.o
    0x08002a00   0x00000030   Code   RO         4857    i.USB_OTG_EPSetStall  usb_core.o
    0x08002a30   0x00000122   Code   RO         4858    i.USB_OTG_EPStartXfer  usb_core.o
    0x08002b52   0x00000002   PAD
    0x08002b54   0x00000044   Code   RO         4859    i.USB_OTG_EnableDevInt  usb_core.o
    0x08002b98   0x00000010   Code   RO         4860    i.USB_OTG_EnableGlobalInt  usb_core.o
    0x08002ba8   0x00000038   Code   RO         4861    i.USB_OTG_FlushRxFifo  usb_core.o
    0x08002be0   0x00000040   Code   RO         4862    i.USB_OTG_FlushTxFifo  usb_core.o
    0x08002c20   0x00000026   Code   RO         4863    i.USB_OTG_GetDeviceSpeed  usb_core.o
    0x08002c46   0x0000000c   Code   RO         4866    i.USB_OTG_InitDevSpeed  usb_core.o
    0x08002c52   0x00000012   Code   RO         4867    i.USB_OTG_IsDeviceMode  usb_core.o
    0x08002c64   0x0000000a   Code   RO         4869    i.USB_OTG_ReadCoreItr  usb_core.o
    0x08002c6e   0x0000000c   Code   RO         4870    i.USB_OTG_ReadDevAllInEPItr  usb_core.o
    0x08002c7a   0x0000000c   Code   RO         4871    i.USB_OTG_ReadDevAllOutEp_itr  usb_core.o
    0x08002c86   0x00000010   Code   RO         4872    i.USB_OTG_ReadDevOutEP_itr  usb_core.o
    0x08002c96   0x00000020   Code   RO         4874    i.USB_OTG_ReadPacket  usb_core.o
    0x08002cb6   0x00000002   PAD
    0x08002cb8   0x000000c0   Code   RO         4875    i.USB_OTG_SelectCore  usb_core.o
    0x08002d78   0x0000002a   Code   RO         4876    i.USB_OTG_SetCurrentMode  usb_core.o
    0x08002da2   0x0000004a   Code   RO         4878    i.USB_OTG_StopDevice  usb_core.o
    0x08002dec   0x0000001e   Code   RO         4879    i.USB_OTG_UngateClock  usb_core.o
    0x08002e0a   0x00000028   Code   RO         4880    i.USB_OTG_WritePacket  usb_core.o
    0x08002e32   0x00000002   Code   RO          348    i.UsageFault_Handler  stm32f4xx_it.o
    0x08002e34   0x00000010   Code   RO         5277    i.__0printf$bare    mc_w.l(printfb.o)
    0x08002e44   0x0000000e   Code   RO         5577    i.__scatterload_copy  mc_w.l(handlers.o)
    0x08002e52   0x00000002   Code   RO         5578    i.__scatterload_null  mc_w.l(handlers.o)
    0x08002e54   0x0000000e   Code   RO         5579    i.__scatterload_zeroinit  mc_w.l(handlers.o)
    0x08002e62   0x00000022   Code   RO         5284    i._printf_core      mc_w.l(printfb.o)
    0x08002e84   0x0000001c   Code   RO          306    i.fputc             printf.o
    0x08002ea0   0x00000024   Code   RO          177    i.main              main.o
    0x08002ec4   0x00000024   Data   RO           17    .constdata          stm32f4_discovery.o
    0x08002ee8   0x00000053   Data   RO          180    .constdata          main.o
    0x08002f3b   0x00000001   PAD
    0x08002f3c   0x00000030   Data   RO          349    .constdata          stm32f4xx_it.o
    0x08002f6c   0x00000020   Data   RO         5575    Region$$Table       anon$$obj.o


    Execution Region RW_IRAM1 (Base: 0x20000000, Size: 0x00000c50, Max: 0x00020000, ABSOLUTE, COMPRESSED[0x00000100])

    Base Addr    Size         Type   Attr      Idx    E Section Name        Object

    0x20000000   0x00000014   Data   RW           18    .data               stm32f4_discovery.o
    0x20000014   0x00000008   Data   RW          181    .data               main.o
    0x2000001c   0x00000004   Data   RW          307    .data               printf.o
    0x20000020   0x00000004   Data   RW          350    .data               stm32f4xx_it.o
    0x20000024   0x00000014   Data   RW          447    .data               system_stm32f4xx.o
    0x20000038   0x0000001c   Data   RW          524    .data               usbd_desc.o
    0x20000054   0x00000016   Data   RW          525    .data               usbd_desc.o
    0x2000006a   0x00000002   PAD
    0x2000006c   0x0000001c   Data   RW          591    .data               usbd_usr.o
    0x20000088   0x00000010   Data   RW         2739    .data               stm32f4xx_rcc.o
    0x20000098   0x0000002c   Data   RW         4593    .data               usbd_hid_core.o
    0x200000c4   0x00000078   Data   RW         4594    .data               usbd_hid_core.o
    0x2000013c   0x0000002c   Data   RW         4652    .data               usbd_core.o
    0x20000168   0x00000004   Data   RW         4653    .data               usbd_core.o
    0x2000016c   0x00000010   Data   RW         4787    .data               usbd_req.o
    0x2000017c   0x00000008   Data   RW         5208    .data               stm32f4_mpu6050.o
    0x20000184   0x0000068c   Zero   RW          178    .bss                main.o
    0x20000810   0x00000040   Zero   RW         4786    .bss                usbd_req.o
    0x20000850   0x00000400   Zero   RW            1    STACK               startup_stm32f4xx.o


==============================================================================

Image component sizes


      Code (inc. data)   RO Data    RW Data    ZI Data      Debug   Object Name

      1062         94         83          8       1676     258226   main.o
       120         18          0          0          0       3131   misc.o
        28          6          0          4          0       2486   printf.o
        36          8        392          0       1024        864   startup_stm32f4xx.o
       300         42         36         20          0     267451   stm32f4_discovery.o
      1308        162          0          8          0       8813   stm32f4_mpu6050.o
       124         10          0          0          0       3869   stm32f4xx_exti.o
       216          0          0          0          0       9615   stm32f4xx_gpio.o
       352          8          0          0          0      14256   stm32f4xx_i2c.o
       452         58         48          4          0       8893   stm32f4xx_it.o
       264         42          0         16          0      18341   stm32f4xx_rcc.o
        40          6          0          0          0        620   stm32f4xx_syscfg.o
       206         28          0          0          0      26328   stm32f4xx_tim.o
       296         44          0         20          0       1901   system_stm32f4xx.o
       240          4          0          0          0       2611   usb_bsp.o
      2156         26          0          0          0      21097   usb_core.o
       522          0          0          0          0       6779   usb_dcd.o
      1178         30          0          0          0       6363   usb_dcd_int.o
       568          0          0         48          0       9284   usbd_core.o
       260        148          0         50          0       5380   usbd_desc.o
       264         10          0        164          0       4860   usbd_hid_core.o
       136          0          0          0          0       3656   usbd_ioreq.o
      1122         40          0         16         64       7835   usbd_req.o
        68         10          0         28          0       3717   usbd_usr.o

    ----------------------------------------------------------------------
     11352        794        592        388       2764     696376   Object Totals
         0          0         32          0          0          0   (incl. Generated)
        34          0          1          2          0          0   (incl. Padding)

    ----------------------------------------------------------------------

      Code (inc. data)   RO Data    RW Data    ZI Data      Debug   Library Member Name

        92          0          0          0          0          0   __dczerorl2.o
         0          0          0          0          0          0   entry.o
         0          0          0          0          0          0   entry10a.o
         0          0          0          0          0          0   entry11a.o
         8          4          0          0          0          0   entry2.o
         4          0          0          0          0          0   entry5.o
         0          0          0          0          0          0   entry7b.o
         0          0          0          0          0          0   entry8b.o
         8          4          0          0          0          0   entry9a.o
        30          0          0          0          0          0   handlers.o
        36          8          0          0          0         68   init.o
        50          8          0          0          0        152   printfb.o

    ----------------------------------------------------------------------
       228         24          0          0          0        220   Library Totals
         0          0          0          0          0          0   (incl. Padding)

    ----------------------------------------------------------------------

      Code (inc. data)   RO Data    RW Data    ZI Data      Debug   Library Name

       228         24          0          0          0        220   mc_w.l

    ----------------------------------------------------------------------
       228         24          0          0          0        220   Library Totals

    ----------------------------------------------------------------------

==============================================================================


      Code (inc. data)   RO Data    RW Data    ZI Data      Debug   

     11580        818        592        388       2764     680744   Grand Totals
     11580        818        592        256       2764     680744   ELF Image Totals (compressed)
     11580        818        592        256          0          0   ROM Totals

==============================================================================

    Total RO  Size (Code + RO Data)                12172 (  11.89kB)
    Total RW  Size (RW Data + ZI Data)              3152 (   3.08kB)
    Total ROM Size (Code + RO Data + RW Data)      12428 (  12.14kB)

==============================================================================

